Component: ARM Compiler 5.06 update 7 (build 960) Tool: armlink [4d3601]

==============================================================================

Section Cross References

    startup_stm32f407xx.o(STACK) refers (Special) to heapauxi.o(.text) for __use_two_region_memory
    startup_stm32f407xx.o(HEAP) refers (Special) to heapauxi.o(.text) for __use_two_region_memory
    startup_stm32f407xx.o(RESET) refers (Special) to heapauxi.o(.text) for __use_two_region_memory
    startup_stm32f407xx.o(RESET) refers to startup_stm32f407xx.o(STACK) for __initial_sp
    startup_stm32f407xx.o(RESET) refers to startup_stm32f407xx.o(.text) for Reset_Handler
    startup_stm32f407xx.o(RESET) refers to stm32f4xx_it.o(i.NMI_Handler) for NMI_Handler
    startup_stm32f407xx.o(RESET) refers to stm32f4xx_it.o(i.HardFault_Handler) for HardFault_Handler
    startup_stm32f407xx.o(RESET) refers to stm32f4xx_it.o(i.MemManage_Handler) for MemManage_Handler
    startup_stm32f407xx.o(RESET) refers to stm32f4xx_it.o(i.BusFault_Handler) for BusFault_Handler
    startup_stm32f407xx.o(RESET) refers to stm32f4xx_it.o(i.UsageFault_Handler) for UsageFault_Handler
    startup_stm32f407xx.o(RESET) refers to stm32f4xx_it.o(i.SVC_Handler) for SVC_Handler
    startup_stm32f407xx.o(RESET) refers to stm32f4xx_it.o(i.DebugMon_Handler) for DebugMon_Handler
    startup_stm32f407xx.o(RESET) refers to stm32f4xx_it.o(i.PendSV_Handler) for PendSV_Handler
    startup_stm32f407xx.o(RESET) refers to stm32f4xx_it.o(i.SysTick_Handler) for SysTick_Handler
    startup_stm32f407xx.o(RESET) refers to stm32f4xx_it.o(i.EXTI0_IRQHandler) for EXTI0_IRQHandler
    startup_stm32f407xx.o(RESET) refers to stm32f4xx_it.o(i.OTG_FS_IRQHandler) for OTG_FS_IRQHandler
    startup_stm32f407xx.o(.text) refers (Special) to heapauxi.o(.text) for __use_two_region_memory
    startup_stm32f407xx.o(.text) refers to system_stm32f4xx.o(i.SystemInit) for SystemInit
    startup_stm32f407xx.o(.text) refers to __main.o(!!!main) for __main
    startup_stm32f407xx.o(.text) refers to startup_stm32f407xx.o(HEAP) for Heap_Mem
    startup_stm32f407xx.o(.text) refers to startup_stm32f407xx.o(STACK) for Stack_Mem
    main.o(i.MX_GPIO_Init) refers to rt_memclr_w.o(.text) for __aeabi_memclr4
    main.o(i.MX_GPIO_Init) refers to stm32f4xx_hal_gpio.o(i.HAL_GPIO_WritePin) for HAL_GPIO_WritePin
    main.o(i.MX_GPIO_Init) refers to stm32f4xx_hal_gpio.o(i.HAL_GPIO_Init) for HAL_GPIO_Init
    main.o(i.MX_GPIO_Init) refers to stm32f4xx_hal_cortex.o(i.HAL_NVIC_SetPriority) for HAL_NVIC_SetPriority
    main.o(i.MX_GPIO_Init) refers to stm32f4xx_hal_cortex.o(i.HAL_NVIC_EnableIRQ) for HAL_NVIC_EnableIRQ
    main.o(i.MX_SPI1_Init) refers to stm32f4xx_hal_spi.o(i.HAL_SPI_Init) for HAL_SPI_Init
    main.o(i.MX_SPI1_Init) refers to main.o(.bss) for .bss
    main.o(i.SystemClock_Config) refers to rt_memclr_w.o(.text) for __aeabi_memclr4
    main.o(i.SystemClock_Config) refers to stm32f4xx_hal_rcc.o(i.HAL_RCC_OscConfig) for HAL_RCC_OscConfig
    main.o(i.SystemClock_Config) refers to stm32f4xx_hal_rcc.o(i.HAL_RCC_ClockConfig) for HAL_RCC_ClockConfig
    main.o(i.USBRxHandler) refers to main.o(.data) for .data
    main.o(i.main) refers to stm32f4xx_hal.o(i.HAL_Init) for HAL_Init
    main.o(i.main) refers to main.o(i.SystemClock_Config) for SystemClock_Config
    main.o(i.main) refers to main.o(i.MX_GPIO_Init) for MX_GPIO_Init
    main.o(i.main) refers to main.o(i.MX_SPI1_Init) for MX_SPI1_Init
    main.o(i.main) refers to stm32f4xx_hal_i2c.o(i.HAL_I2C_Init) for HAL_I2C_Init
    main.o(i.main) refers to usb_device.o(i.MX_USB_DEVICE_Init) for MX_USB_DEVICE_Init
    main.o(i.main) refers to strncmp.o(.text) for strncmp
    main.o(i.main) refers to usbd_cdc_if.o(i.CDC_Transmit_FS) for CDC_Transmit_FS
    main.o(i.main) refers to stm32f4xx_hal_gpio.o(i.HAL_GPIO_TogglePin) for HAL_GPIO_TogglePin
    main.o(i.main) refers to stm32f4xx_hal.o(i.HAL_Delay) for HAL_Delay
    main.o(i.main) refers to main.o(.bss) for .bss
    main.o(i.main) refers to main.o(.data) for .data
    stm32f4xx_it.o(i.EXTI0_IRQHandler) refers to stm32f4xx_hal_gpio.o(i.HAL_GPIO_EXTI_IRQHandler) for HAL_GPIO_EXTI_IRQHandler
    stm32f4xx_it.o(i.OTG_FS_IRQHandler) refers to stm32f4xx_hal_pcd.o(i.HAL_PCD_IRQHandler) for HAL_PCD_IRQHandler
    stm32f4xx_it.o(i.OTG_FS_IRQHandler) refers to usbd_conf.o(.bss) for hpcd_USB_OTG_FS
    stm32f4xx_it.o(i.SysTick_Handler) refers to stm32f4xx_hal.o(i.HAL_IncTick) for HAL_IncTick
    stm32f4xx_hal_msp.o(i.HAL_I2C_MspDeInit) refers to stm32f4xx_hal_gpio.o(i.HAL_GPIO_DeInit) for HAL_GPIO_DeInit
    stm32f4xx_hal_msp.o(i.HAL_I2C_MspInit) refers to rt_memclr_w.o(.text) for __aeabi_memclr4
    stm32f4xx_hal_msp.o(i.HAL_I2C_MspInit) refers to stm32f4xx_hal_gpio.o(i.HAL_GPIO_Init) for HAL_GPIO_Init
    stm32f4xx_hal_msp.o(i.HAL_MspInit) refers to stm32f4xx_hal_cortex.o(i.HAL_NVIC_SetPriorityGrouping) for HAL_NVIC_SetPriorityGrouping
[...]
    i.MX_USB_DEVICE_Init                     0x08001dcc   Section        0  usb_device.o(i.MX_USB_DEVICE_Init)
    i.MemManage_Handler                      0x08001e20   Section        0  stm32f4xx_it.o(i.MemManage_Handler)
    i.NMI_Handler                            0x08001e22   Section        0  stm32f4xx_it.o(i.NMI_Handler)
    i.OTG_FS_IRQHandler                      0x08001e24   Section        0  stm32f4xx_it.o(i.OTG_FS_IRQHandler)
    i.PCD_EP_OutXfrComplete_int              0x08001e30   Section        0  stm32f4xx_hal_pcd.o(i.PCD_EP_OutXfrComplete_int)
    PCD_EP_OutXfrComplete_int                0x08001e31   Thumb Code   196  stm32f4xx_hal_pcd.o(i.PCD_EP_OutXfrComplete_int)
    i.PCD_WriteEmptyTxFifo                   0x08001efc   Section        0  stm32f4xx_hal_pcd.o(i.PCD_WriteEmptyTxFifo)
    PCD_WriteEmptyTxFifo                     0x08001efd   Thumb Code   162  stm32f4xx_hal_pcd.o(i.PCD_WriteEmptyTxFifo)
    i.PendSV_Handler                         0x08001f9e   Section        0  stm32f4xx_it.o(i.PendSV_Handler)
    i.SVC_Handler                            0x08001fa0   Section        0  stm32f4xx_it.o(i.SVC_Handler)
    i.SWAPBYTE                               0x08001fa2   Section        0  usbd_ctlreq.o(i.SWAPBYTE)
    SWAPBYTE                                 0x08001fa3   Thumb Code    10  usbd_ctlreq.o(i.SWAPBYTE)
    i.SysTick_Handler                        0x08001fac   Section        0  stm32f4xx_it.o(i.SysTick_Handler)
    i.SystemClock_Config                     0x08001fb0   Section        0  main.o(i.SystemClock_Config)
    i.SystemInit                             0x08002048   Section        0  system_stm32f4xx.o(i.SystemInit)
    i.USBD_CDC_DataIn                        0x08002058   Section        0  usbd_cdc.o(i.USBD_CDC_DataIn)
    USBD_CDC_DataIn                          0x08002059   Thumb Code   118  usbd_cdc.o(i.USBD_CDC_DataIn)
    i.USBD_CDC_DataOut                       0x080020ce   Section        0  usbd_cdc.o(i.USBD_CDC_DataOut)
    USBD_CDC_DataOut                         0x080020cf   Thumb Code    60  usbd_cdc.o(i.USBD_CDC_DataOut)
    i.USBD_CDC_DeInit                        0x0800210c   Section        0  usbd_cdc.o(i.USBD_CDC_DeInit)
    USBD_CDC_DeInit                          0x0800210d   Thumb Code   140  usbd_cdc.o(i.USBD_CDC_DeInit)
    i.USBD_CDC_EP0_RxReady                   0x0800219c   Section        0  usbd_cdc.o(i.USBD_CDC_EP0_RxReady)
    USBD_CDC_EP0_RxReady                     0x0800219d   Thumb Code    54  usbd_cdc.o(i.USBD_CDC_EP0_RxReady)
    i.USBD_CDC_GetDeviceQualifierDescriptor  0x080021d4   Section        0  usbd_cdc.o(i.USBD_CDC_GetDeviceQualifierDescriptor)
    i.USBD_CDC_GetFSCfgDesc                  0x080021e0   Section        0  usbd_cdc.o(i.USBD_CDC_GetFSCfgDesc)
    USBD_CDC_GetFSCfgDesc                    0x080021e1   Thumb Code    56  usbd_cdc.o(i.USBD_CDC_GetFSCfgDesc)
    i.USBD_CDC_GetHSCfgDesc                  0x0800221c   Section        0  usbd_cdc.o(i.USBD_CDC_GetHSCfgDesc)
    USBD_CDC_GetHSCfgDesc                    0x0800221d   Thumb Code    58  usbd_cdc.o(i.USBD_CDC_GetHSCfgDesc)
    i.USBD_CDC_GetOtherSpeedCfgDesc          0x0800225c   Section        0  usbd_cdc.o(i.USBD_CDC_GetOtherSpeedCfgDesc)
    USBD_CDC_GetOtherSpeedCfgDesc            0x0800225d   Thumb Code    56  usbd_cdc.o(i.USBD_CDC_GetOtherSpeedCfgDesc)
    i.USBD_CDC_Init                          0x08002298   Section        0  usbd_cdc.o(i.USBD_CDC_Init)
    USBD_CDC_Init                            0x08002299   Thumb Code   276  usbd_cdc.o(i.USBD_CDC_Init)
    i.USBD_CDC_ReceivePacket                 0x080023b0   Section        0  usbd_cdc.o(i.USBD_CDC_ReceivePacket)
    i.USBD_CDC_RegisterInterface             0x080023e8   Section        0  usbd_cdc.o(i.USBD_CDC_RegisterInterface)
    i.USBD_CDC_SetRxBuffer                   0x080023fe   Section        0  usbd_cdc.o(i.USBD_CDC_SetRxBuffer)
    i.USBD_CDC_SetTxBuffer                   0x08002418   Section        0  usbd_cdc.o(i.USBD_CDC_SetTxBuffer)
    i.USBD_CDC_Setup                         0x08002436   Section        0  usbd_cdc.o(i.USBD_CDC_Setup)
    USBD_CDC_Setup                           0x08002437   Thumb Code   212  usbd_cdc.o(i.USBD_CDC_Setup)
    i.USBD_CDC_TransmitPacket                0x0800250c   Section        0  usbd_cdc.o(i.USBD_CDC_TransmitPacket)
    i.USBD_ClrClassConfig                    0x0800255c   Section        0  usbd_core.o(i.USBD_ClrClassConfig)
    i.USBD_CoreFindEP                        0x08002570   Section        0  usbd_core.o(i.USBD_CoreFindEP)
    i.USBD_CoreFindIF                        0x08002574   Section        0  usbd_core.o(i.USBD_CoreFindIF)
    i.USBD_CtlContinueRx                     0x08002578   Section        0  usbd_ioreq.o(i.USBD_CtlContinueRx)
    i.USBD_CtlContinueSendData               0x08002588   Section        0  usbd_ioreq.o(i.USBD_CtlContinueSendData)
    i.USBD_CtlError                          0x08002598   Section        0  usbd_ctlreq.o(i.USBD_CtlError)
    i.USBD_CtlPrepareRx                      0x080025ae   Section        0  usbd_ioreq.o(i.USBD_CtlPrepareRx)
    i.USBD_CtlReceiveStatus                  0x080025cc   Section        0  usbd_ioreq.o(i.USBD_CtlReceiveStatus)
    i.USBD_CtlSendData                       0x080025e2   Section        0  usbd_ioreq.o(i.USBD_CtlSendData)
    i.USBD_CtlSendStatus                     0x080025fc   Section        0  usbd_ioreq.o(i.USBD_CtlSendStatus)
    i.USBD_FS_ConfigStrDescriptor            0x08002614   Section        0  usbd_desc.o(i.USBD_FS_ConfigStrDescriptor)
    i.USBD_FS_DeviceDescriptor               0x08002634   Section        0  usbd_desc.o(i.USBD_FS_DeviceDescriptor)
    i.USBD_FS_InterfaceStrDescriptor         0x08002640   Section        0  usbd_desc.o(i.USBD_FS_InterfaceStrDescriptor)
    i.USBD_FS_LangIDStrDescriptor            0x08002664   Section        0  usbd_desc.o(i.USBD_FS_LangIDStrDescriptor)
    i.USBD_FS_ManufacturerStrDescriptor      0x08002670   Section        0  usbd_desc.o(i.USBD_FS_ManufacturerStrDescriptor)
    i.USBD_FS_ProductStrDescriptor           0x08002698   Section        0  usbd_desc.o(i.USBD_FS_ProductStrDescriptor)
    i.USBD_FS_SerialStrDescriptor            0x080026c4   Section        0  usbd_desc.o(i.USBD_FS_SerialStrDescriptor)
    i.USBD_GetDescriptor                     0x080026fc   Section        0  usbd_ctlreq.o(i.USBD_GetDescriptor)
    USBD_GetDescriptor                       0x080026fd   Thumb Code   230  usbd_ctlreq.o(i.USBD_GetDescriptor)
    i.USBD_GetEpDesc                         0x080027e2   Section        0  usbd_core.o(i.USBD_GetEpDesc)
    i.USBD_GetNextDesc                       0x0800281c   Section        0  usbd_core.o(i.USBD_GetNextDesc)
    i.USBD_GetString                         0x0800282a   Section        0  usbd_ctlreq.o(i.USBD_GetString)
    i.USBD_Get_USB_Status                    0x08002872   Section        0  usbd_conf.o(i.USBD_Get_USB_Status)
    i.USBD_Init                              0x0800288a   Section        0  usbd_core.o(i.USBD_Init)
    i.USBD_LL_ClearStallEP                   0x080028b0   Section        0  usbd_conf.o(i.USBD_LL_ClearStallEP)
    i.USBD_LL_CloseEP                        0x080028c2   Section        0  usbd_conf.o(i.USBD_LL_CloseEP)
    i.USBD_LL_DataInStage                    0x080028d4   Section        0  usbd_core.o(i.USBD_LL_DataInStage)
    i.USBD_LL_DataOutStage                   0x0800298a   Section        0  usbd_core.o(i.USBD_LL_DataOutStage)
    i.USBD_LL_DevConnected                   0x08002a18   Section        0  usbd_core.o(i.USBD_LL_DevConnected)
    i.USBD_LL_DevDisconnected                0x08002a1c   Section        0  usbd_core.o(i.USBD_LL_DevDisconnected)
    i.USBD_LL_GetRxDataSize                  0x08002a3a   Section        0  usbd_conf.o(i.USBD_LL_GetRxDataSize)
    i.USBD_LL_Init                           0x08002a44   Section        0  usbd_conf.o(i.USBD_LL_Init)
    i.USBD_LL_IsStallEP                      0x08002aa4   Section        0  usbd_conf.o(i.USBD_LL_IsStallEP)
    i.USBD_LL_IsoINIncomplete                0x08002ac4   Section        0  usbd_core.o(i.USBD_LL_IsoINIncomplete)
    i.USBD_LL_IsoOUTIncomplete               0x08002aec   Section        0  usbd_core.o(i.USBD_LL_IsoOUTIncomplete)
    i.USBD_LL_OpenEP                         0x08002b14   Section        0  usbd_conf.o(i.USBD_LL_OpenEP)
    i.USBD_LL_PrepareReceive                 0x08002b2c   Section        0  usbd_conf.o(i.USBD_LL_PrepareReceive)
    i.USBD_LL_Reset                          0x08002b3e   Section        0  usbd_core.o(i.USBD_LL_Reset)
    i.USBD_LL_Resume                         0x08002b9a   Section        0  usbd_core.o(i.USBD_LL_Resume)
    i.USBD_LL_SOF                            0x08002bae   Section        0  usbd_core.o(i.USBD_LL_SOF)
    i.USBD_LL_SetSpeed                       0x08002bc8   Section        0  usbd_core.o(i.USBD_LL_SetSpeed)
    i.USBD_LL_SetUSBAddress                  0x08002bce   Section        0  usbd_conf.o(i.USBD_LL_SetUSBAddress)
    i.USBD_LL_SetupStage                     0x08002be0   Section        0  usbd_core.o(i.USBD_LL_SetupStage)
    i.USBD_LL_StallEP                        0x08002c40   Section        0  usbd_conf.o(i.USBD_LL_StallEP)
    i.USBD_LL_Start                          0x08002c52   Section        0  usbd_conf.o(i.USBD_LL_Start)
    i.USBD_LL_Suspend                        0x08002c64   Section        0  usbd_core.o(i.USBD_LL_Suspend)
    i.USBD_LL_Transmit                       0x08002c76   Section        0  usbd_conf.o(i.USBD_LL_Transmit)
    i.USBD_ParseSetupRequest                 0x08002c88   Section        0  usbd_ctlreq.o(i.USBD_ParseSetupRequest)
    i.USBD_RegisterClass                     0x08002cb4   Section        0  usbd_core.o(i.USBD_RegisterClass)
    i.USBD_SetClassConfig                    0x08002cee   Section        0  usbd_core.o(i.USBD_SetClassConfig)
    i.USBD_SetConfig                         0x08002d04   Section        0  usbd_ctlreq.o(i.USBD_SetConfig)
    USBD_SetConfig                           0x08002d05   Thumb Code   180  usbd_ctlreq.o(i.USBD_SetConfig)
    i.USBD_Start                             0x08002dbc   Section        0  usbd_core.o(i.USBD_Start)
    i.USBD_StdDevReq                         0x08002dc0   Section        0  usbd_ctlreq.o(i.USBD_StdDevReq)
    i.USBD_StdEPReq                          0x08002eec   Section        0  usbd_ctlreq.o(i.USBD_StdEPReq)
    i.USBD_StdItfReq                         0x0800304c   Section        0  usbd_ctlreq.o(i.USBD_StdItfReq)
    i.USBD_static_free                       0x080030be   Section        0  usbd_conf.o(i.USBD_static_free)
    i.USBD_static_malloc                     0x080030c0   Section        0  usbd_conf.o(i.USBD_static_malloc)
    i.USBRxHandler                           0x080030c8   Section        0  main.o(i.USBRxHandler)
    i.USB_ActivateEndpoint                   0x080030d8   Section        0  stm32f4xx_ll_usb.o(i.USB_ActivateEndpoint)
    i.USB_ActivateSetup                      0x08003158   Section        0  stm32f4xx_ll_usb.o(i.USB_ActivateSetup)
    i.USB_CoreInit                           0x08003174   Section        0  stm32f4xx_ll_usb.o(i.USB_CoreInit)
    i.USB_CoreReset                          0x080031e8   Section        0  stm32f4xx_ll_usb.o(i.USB_CoreReset)
    USB_CoreReset                            0x080031e9   Thumb Code    58  stm32f4xx_ll_usb.o(i.USB_CoreReset)
    i.USB_DeactivateEndpoint                 0x08003228   Section        0  stm32f4xx_ll_usb.o(i.USB_DeactivateEndpoint)
    i.USB_DevConnect                         0x080032f4   Section        0  stm32f4xx_ll_usb.o(i.USB_DevConnect)
    i.USB_DevDisconnect                      0x08003310   Section        0  stm32f4xx_ll_usb.o(i.USB_DevDisconnect)
    i.USB_DevInit                            0x0800332c   Section        0  stm32f4xx_ll_usb.o(i.USB_DevInit)
    i.USB_DisableGlobalInt                   0x080034a0   Section        0  stm32f4xx_ll_usb.o(i.USB_DisableGlobalInt)
    i.USB_EP0StartXfer                       0x080034ac   Section        0  stm32f4xx_ll_usb.o(i.USB_EP0StartXfer)
    i.USB_EP0_OutStart                       0x080035c8   Section        0  stm32f4xx_ll_usb.o(i.USB_EP0_OutStart)
    i.USB_EPClearStall                       0x08003620   Section        0  stm32f4xx_ll_usb.o(i.USB_EPClearStall)
    i.USB_EPSetStall                         0x08003678   Section        0  stm32f4xx_ll_usb.o(i.USB_EPSetStall)
    i.USB_EPStartXfer                        0x080036d0   Section        0  stm32f4xx_ll_usb.o(i.USB_EPStartXfer)
    i.USB_EPStopXfer                         0x080038b4   Section        0  stm32f4xx_ll_usb.o(i.USB_EPStopXfer)
    i.USB_EnableGlobalInt                    0x08003952   Section        0  stm32f4xx_ll_usb.o(i.USB_EnableGlobalInt)
    i.USB_FlushRxFifo                        0x08003960   Section        0  stm32f4xx_ll_usb.o(i.USB_FlushRxFifo)
    i.USB_FlushTxFifo                        0x0800399c   Section        0  stm32f4xx_ll_usb.o(i.USB_FlushTxFifo)
    i.USB_GetDevSpeed                        0x080039dc   Section        0  stm32f4xx_ll_usb.o(i.USB_GetDevSpeed)
    i.USB_GetMode                            0x080039f6   Section        0  stm32f4xx_ll_usb.o(i.USB_GetMode)
    i.USB_ReadDevAllInEpInterrupt            0x080039fe   Section        0  stm32f4xx_ll_usb.o(i.USB_ReadDevAllInEpInterrupt)
    i.USB_ReadDevAllOutEpInterrupt           0x08003a0c   Section        0  stm32f4xx_ll_usb.o(i.USB_ReadDevAllOutEpInterrupt)
    i.USB_ReadDevInEPInterrupt               0x08003a1a   Section        0  stm32f4xx_ll_usb.o(i.USB_ReadDevInEPInterrupt)
    i.USB_ReadDevOutEPInterrupt              0x08003a3e   Section        0  stm32f4xx_ll_usb.o(i.USB_ReadDevOutEPInterrupt)
    i.USB_ReadInterrupts                     0x08003a4e   Section        0  stm32f4xx_ll_usb.o(i.USB_ReadInterrupts)
    i.USB_ReadPacket                         0x08003a56   Section        0  stm32f4xx_ll_usb.o(i.USB_ReadPacket)
    i.USB_SetCurrentMode                     0x08003a94   Section        0  stm32f4xx_ll_usb.o(i.USB_SetCurrentMode)
    i.USB_SetDevAddress                      0x08003af0   Section        0  stm32f4xx_ll_usb.o(i.USB_SetDevAddress)
    i.USB_SetTurnaroundTime                  0x08003b14   Section        0  stm32f4xx_ll_usb.o(i.USB_SetTurnaroundTime)
    i.USB_WritePacket                        0x08003bfc   Section        0  stm32f4xx_ll_usb.o(i.USB_WritePacket)
    i.UsageFault_Handler                     0x08003c24   Section        0  stm32f4xx_it.o(i.UsageFault_Handler)
    i.__NVIC_SetPriority                     0x08003c26   Section        0  stm32f4xx_hal_cortex.o(i.__NVIC_SetPriority)
    __NVIC_SetPriority                       0x08003c27   Thumb Code    32  stm32f4xx_hal_cortex.o(i.__NVIC_SetPriority)
    i.main                                   0x08003c48   Section        0  main.o(i.main)
    x$fpl$fpinit                             0x08003ce0   Section       10  fpinit.o(x$fpl$fpinit)
    $v0                                      0x08003ce0   Number         0  fpinit.o(x$fpl$fpinit)
    .constdata                               0x08003cea   Section       16  system_stm32f4xx.o(.constdata)
    .constdata                               0x08003cfa   Section        8  system_stm32f4xx.o(.constdata)
    .data                                    0x20000000   Section        8  main.o(.data)
    .data                                    0x20000008   Section       28  usbd_desc.o(.data)
    .data                                    0x20000024   Section       50  usbd_desc.o(.data)
    .data                                    0x20000058   Section       20  usbd_cdc_if.o(.data)
    .data                                    0x2000006c   Section        7  usbd_cdc_if.o(.data)
    .data                                    0x20000074   Section       12  stm32f4xx_hal.o(.data)
    .data                                    0x20000080   Section        4  system_stm32f4xx.o(.data)
    .data                                    0x20000084   Section        1  usbd_ctlreq.o(.data)
    cfgidx                                   0x20000084   Data           1  usbd_ctlreq.o(.data)
    .data                                    0x20000088   Section       83  usbd_cdc.o(.data)
    CDCInEpAdd                               0x20000088   Data           1  usbd_cdc.o(.data)
    CDCOutEpAdd                              0x20000089   Data           1  usbd_cdc.o(.data)
    CDCCmdEpAdd                              0x2000008a   Data           1  usbd_cdc.o(.data)
    USBD_CDC_DeviceQualifierDesc             0x2000008c   Data          10  usbd_cdc.o(.data)
    USBD_CDC_CfgDesc                         0x20000098   Data          67  usbd_cdc.o(.data)
    .data                                    0x200000dc   Section       56  usbd_cdc.o(.data)
    .bss                                     0x20000114   Section      172  main.o(.bss)
    .bss                                     0x200001c0   Section      732  usb_device.o(.bss)
    .bss                                     0x2000049c   Section      512  usbd_desc.o(.bss)
    .bss                                     0x2000069c   Section     4096  usbd_cdc_if.o(.bss)
    .bss                                     0x2000169c   Section     1836  usbd_conf.o(.bss)
    mem                                      0x2000169c   Data         544  usbd_conf.o(.bss)
    .bss                                     0x20001dc8   Section       96  libspace.o(.bss)
    HEAP                                     0x20001e28   Section      512  startup_stm32f407xx.o(HEAP)
    Heap_Mem                                 0x20001e28   Data         512  startup_stm32f407xx.o(HEAP)
    STACK                                    0x20002028   Section     1024  startup_stm32f407xx.o(STACK)
    Stack_Mem                                0x20002028   Data        1024  startup_stm32f407xx.o(STACK)
    __initial_sp                             0x20002428   Data           0  startup_stm32f407xx.o(STACK)

    Global Symbols

    Symbol Name                              Value     Ov Type        Size  Object(Section)

    BuildAttributes$$THM_ISAv4$E$P$D$K$B$S$7EM$VFPi3$EXTD16$VFPS$VFMA$PE$A:L22UL41UL21$X:L11$S22US41US21$IEEE1$IW$USESV6$~STKCKD$USESV7$~SHL$OSPACE$ROPI$EBA8$UX$STANDARDLIB$REQ8$PRES8$EABIv2 0x00000000   Number         0  anon$$obj.o ABSOLUTE
    __ARM_use_no_argv                        0x00000000   Number         0  main.o ABSOLUTE
    __ARM_exceptions_init                     - Undefined Weak Reference
    __alloca_initialize                       - Undefined Weak Reference
    __arm_fini_                               - Undefined Weak Reference
    __arm_preinit_                            - Undefined Weak Reference
    __cpp_initialize__aeabi_                  - Undefined Weak Reference
    __cxa_finalize                            - Undefined Weak Reference
    __rt_locale                               - Undefined Weak Reference
    __sigvec_lookup                           - Undefined Weak Reference
    _atexit_init                              - Undefined Weak Reference
    _call_atexit_fns                          - Undefined Weak Reference
    _clock_init                               - Undefined Weak Reference
    _fp_trap_init                             - Undefined Weak Reference
    _fp_trap_shutdown                         - Undefined Weak Reference
    _get_lc_collate                           - Undefined Weak Reference
    _get_lc_ctype                             - Undefined Weak Reference
    _get_lc_monetary                          - Undefined Weak Reference
    _get_lc_numeric                           - Undefined Weak Reference
    _get_lc_time                              - Undefined Weak Reference
    _getenv_init                              - Undefined Weak Reference
    _handle_redirection                       - Undefined Weak Reference
    _init_alloc                               - Undefined Weak Reference
    _init_user_alloc                          - Undefined Weak Reference
    _initio                                   - Undefined Weak Reference
    _rand_init                                - Undefined Weak Reference
    _signal_finish                            - Undefined Weak Reference
    _signal_init                              - Undefined Weak Reference
    _terminate_alloc                          - Undefined Weak Reference
    _terminate_user_alloc                     - Undefined Weak Reference
    _terminateio                              - Undefined Weak Reference
    __Vectors_Size                           0x00000188   Number         0  startup_stm32f407xx.o ABSOLUTE
    __Vectors                                0x08000000   Data           4  startup_stm32f407xx.o(RESET)
    __Vectors_End                            0x08000188   Data           0  startup_stm32f407xx.o(RESET)
    __main                                   0x08000189   Thumb Code     8  __main.o(!!!main)
    __scatterload                            0x08000191   Thumb Code     0  __scatter.o(!!!scatter)
    __scatterload_rt2                        0x08000191   Thumb Code    44  __scatter.o(!!!scatter)
    __scatterload_rt2_thumb_only             0x08000191   Thumb Code     0  __scatter.o(!!!scatter)
    __scatterload_null                       0x0800019f   Thumb Code     0  __scatter.o(!!!scatter)
    __scatterload_copy                       0x080001c5   Thumb Code    26  __scatter_copy.o(!!handler_copy)
    __scatterload_zeroinit                   0x080001e1   Thumb Code    28  __scatter_zi.o(!!handler_zi)
    __rt_lib_init                            0x080001fd   Thumb Code     0  libinit.o(.ARM.Collect$$libinit$$00000000)
    __rt_lib_init_fp_1                       0x080001ff   Thumb Code     0  libinit2.o(.ARM.Collect$$libinit$$00000001)
    __rt_lib_init_alloca_1                   0x08000203   Thumb Code     0  libinit2.o(.ARM.Collect$$libinit$$0000002E)
    __rt_lib_init_argv_1                     0x08000203   Thumb Code     0  libinit2.o(.ARM.Collect$$libinit$$0000002C)
    __rt_lib_init_atexit_1                   0x08000203   Thumb Code     0  libinit2.o(.ARM.Collect$$libinit$$0000001B)
    __rt_lib_init_clock_1                    0x08000203   Thumb Code     0  libinit2.o(.ARM.Collect$$libinit$$00000021)
    __rt_lib_init_cpp_1                      0x08000203   Thumb Code     0  libinit2.o(.ARM.Collect$$libinit$$00000032)
    __rt_lib_init_exceptions_1               0x08000203   Thumb Code     0  libinit2.o(.ARM.Collect$$libinit$$00000030)
    __rt_lib_init_fp_trap_1                  0x08000203   Thumb Code     0  libinit2.o(.ARM.Collect$$libinit$$0000001F)
    __rt_lib_init_getenv_1                   0x08000203   Thumb Code     0  libinit2.o(.ARM.Collect$$libinit$$00000023)
    __rt_lib_init_heap_1                     0x08000203   Thumb Code     0  libinit2.o(.ARM.Collect$$libinit$$0000000A)
    __rt_lib_init_lc_collate_1               0x08000203   Thumb Code     0  libinit2.o(.ARM.Collect$$libinit$$00000011)
    __rt_lib_init_lc_ctype_1                 0x08000203   Thumb Code     0  libinit2.o(.ARM.Collect$$libinit$$00000013)
    __rt_lib_init_lc_monetary_1              0x08000203   Thumb Code     0  libinit2.o(.ARM.Collect$$libinit$$00000015)
    __rt_lib_init_lc_numeric_1               0x08000203   Thumb Code     0  libinit2.o(.ARM.Collect$$libinit$$00000017)
    __rt_lib_init_lc_time_1                  0x08000203   Thumb Code     0  libinit2.o(.ARM.Collect$$libinit$$00000019)
    __rt_lib_init_preinit_1                  0x08000203   Thumb Code     0  libinit2.o(.ARM.Collect$$libinit$$00000004)
    __rt_lib_init_rand_1                     0x08000203   Thumb Code     0  libinit2.o(.ARM.Collect$$libinit$$0000000E)
    __rt_lib_init_return                     0x08000203   Thumb Code     0  libinit2.o(.ARM.Collect$$libinit$$00000033)
    __rt_lib_init_signal_1                   0x08000203   Thumb Code     0  libinit2.o(.ARM.Collect$$libinit$$0000001D)
    __rt_lib_init_stdio_1                    0x08000203   Thumb Code     0  libinit2.o(.ARM.Collect$$libinit$$00000025)
    __rt_lib_init_user_alloc_1               0x08000203   Thumb Code     0  libinit2.o(.ARM.Collect$$libinit$$0000000C)
    __rt_lib_shutdown                        0x08000205   Thumb Code     0  libshutdown.o(.ARM.Collect$$libshutdown$$00000000)
    __rt_lib_shutdown_cpp_1                  0x08000207   Thumb Code     0  libshutdown2.o(.ARM.Collect$$libshutdown$$00000004)
    __rt_lib_shutdown_fini_1                 0x08000207   Thumb Code     0  libshutdown2.o(.ARM.Collect$$libshutdown$$00000002)
    __rt_lib_shutdown_fp_trap_1              0x08000207   Thumb Code     0  libshutdown2.o(.ARM.Collect$$libshutdown$$00000009)
    __rt_lib_shutdown_heap_1                 0x08000207   Thumb Code     0  libshutdown2.o(.ARM.Collect$$libshutdown$$00000011)
    __rt_lib_shutdown_return                 0x08000207   Thumb Code     0  libshutdown2.o(.ARM.Collect$$libshutdown$$00000012)
    __rt_lib_shutdown_signal_1               0x08000207   Thumb Code     0  libshutdown2.o(.ARM.Collect$$libshutdown$$0000000C)
    __rt_lib_shutdown_stdio_1                0x08000207   Thumb Code     0  libshutdown2.o(.ARM.Collect$$libshutdown$$00000006)
    __rt_lib_shutdown_user_alloc_1           0x08000207   Thumb Code     0  libshutdown2.o(.ARM.Collect$$libshutdown$$0000000E)
    __rt_entry                               0x08000209   Thumb Code     0  __rtentry.o(.ARM.Collect$$rtentry$$00000000)
    __rt_entry_presh_1                       0x08000209   Thumb Code     0  __rtentry2.o(.ARM.Collect$$rtentry$$00000002)
    __rt_entry_sh                            0x08000209   Thumb Code     0  __rtentry4.o(.ARM.Collect$$rtentry$$00000004)
    __rt_entry_li                            0x0800020f   Thumb Code     0  __rtentry2.o(.ARM.Collect$$rtentry$$0000000A)
    __rt_entry_postsh_1                      0x0800020f   Thumb Code     0  __rtentry2.o(.ARM.Collect$$rtentry$$00000009)
    __rt_entry_main                          0x08000213   Thumb Code     0  __rtentry2.o(.ARM.Collect$$rtentry$$0000000D)
    __rt_entry_postli_1                      0x08000213   Thumb Code     0  __rtentry2.o(.ARM.Collect$$rtentry$$0000000C)
    __rt_exit                                0x0800021b   Thumb Code     0  rtexit.o(.ARM.Collect$$rtexit$$00000000)
    __rt_exit_ls                             0x0800021d   Thumb Code     0  rtexit2.o(.ARM.Collect$$rtexit$$00000003)
    __rt_exit_prels_1                        0x0800021d   Thumb Code     0  rtexit2.o(.ARM.Collect$$rtexit$$00000002)
    __rt_exit_exit                           0x08000221   Thumb Code     0  rtexit2.o(.ARM.Collect$$rtexit$$00000004)
    Reset_Handler                            0x08000229   Thumb Code     8  startup_stm32f407xx.o(.text)
    ADC_IRQHandler                           0x08000243   Thumb Code     0  startup_stm32f407xx.o(.text)
    CAN1_RX0_IRQHandler                      0x08000243   Thumb Code     0  startup_stm32f407xx.o(.text)
    CAN1_RX1_IRQHandler                      0x08000243   Thumb Code     0  startup_stm32f407xx.o(.text)
    CAN1_SCE_IRQHandler                      0x08000243   Thumb Code     0  startup_stm32f407xx.o(.text)
    CAN1_TX_IRQHandler                       0x08000243   Thumb Code     0  startup_stm32f407xx.o(.text)
    CAN2_RX0_IRQHandler                      0x08000243   Thumb Code     0  startup_stm32f407xx.o(.text)
    CAN2_RX1_IRQHandler                      0x08000243   Thumb Code     0  startup_stm32f407xx.o(.text)
    CAN2_SCE_IRQHandler                      0x08000243   Thumb Code     0  startup_stm32f407xx.o(.text)
    CAN2_TX_IRQHandler                       0x08000243   Thumb Code     0  startup_stm32f407xx.o(.text)
    DCMI_IRQHandler                          0x08000243   Thumb Code     0  startup_stm32f407xx.o(.text)
    DMA1_Stream0_IRQHandler                  0x08000243   Thumb Code     0  startup_stm32f407xx.o(.text)
    DMA1_Stream1_IRQHandler                  0x08000243   Thumb Code     0  startup_stm32f407xx.o(.text)
    DMA1_Stream2_IRQHandler                  0x08000243   Thumb Code     0  startup_stm32f407xx.o(.text)
    DMA1_Stream3_IRQHandler                  0x08000243   Thumb Code     0  startup_stm32f407xx.o(.text)
    DMA1_Stream4_IRQHandler                  0x08000243   Thumb Code     0  startup_stm32f407xx.o(.text)
    DMA1_Stream5_IRQHandler                  0x08000243   Thumb Code     0  startup_stm32f407xx.o(.text)
    DMA1_Stream6_IRQHandler                  0x08000243   Thumb Code     0  startup_stm32f407xx.o(.text)
    DMA1_Stream7_IRQHandler                  0x08000243   Thumb Code     0  startup_stm32f407xx.o(.text)
    DMA2_Stream0_IRQHandler                  0x08000243   Thumb Code     0  startup_stm32f407xx.o(.text)
    DMA2_Stream1_IRQHandler                  0x08000243   Thumb Code     0  startup_stm32f407xx.o(.text)
    DMA2_Stream2_IRQHandler                  0x08000243   Thumb Code     0  startup_stm32f407xx.o(.text)
    DMA2_Stream3_IRQHandler                  0x08000243   Thumb Code     0  startup_stm32f407xx.o(.text)
    DMA2_Stream4_IRQHandler                  0x08000243   Thumb Code     0  startup_stm32f407xx.o(.text)
    DMA2_Stream5_IRQHandler                  0x08000243   Thumb Code     0  startup_stm32f407xx.o(.text)
    DMA2_Stream6_IRQHandler                  0x08000243   Thumb Code     0  startup_stm32f407xx.o(.text)
    DMA2_Stream7_IRQHandler                  0x08000243   Thumb Code     0  startup_stm32f407xx.o(.text)
    ETH_IRQHandler                           0x08000243   Thumb Code     0  startup_stm32f407xx.o(.text)
    ETH_WKUP_IRQHandler                      0x08000243   Thumb Code     0  startup_stm32f407xx.o(.text)
    EXTI15_10_IRQHandler                     0x08000243   Thumb Code     0  startup_stm32f407xx.o(.text)
    EXTI1_IRQHandler                         0x08000243   Thumb Code     0  startup_stm32f407xx.o(.text)
    EXTI2_IRQHandler                         0x08000243   Thumb Code     0  startup_stm32f407xx.o(.text)
    EXTI3_IRQHandler                         0x08000243   Thumb Code     0  startup_stm32f407xx.o(.text)
    EXTI4_IRQHandler                         0x08000243   Thumb Code     0  startup_stm32f407xx.o(.text)
    EXTI9_5_IRQHandler                       0x08000243   Thumb Code     0  startup_stm32f407xx.o(.text)
    FLASH_IRQHandler                         0x08000243   Thumb Code     0  startup_stm32f407xx.o(.text)
    FMC_IRQHandler                           0x08000243   Thumb Code     0  startup_stm32f407xx.o(.text)
    FPU_IRQHandler                           0x08000243   Thumb Code     0  startup_stm32f407xx.o(.text)
    HASH_RNG_IRQHandler                      0x08000243   Thumb Code     0  startup_stm32f407xx.o(.text)
    I2C1_ER_IRQHandler                       0x08000243   Thumb Code     0  startup_stm32f407xx.o(.text)
    I2C1_EV_IRQHandler                       0x08000243   Thumb Code     0  startup_stm32f407xx.o(.text)
    I2C2_ER_IRQHandler                       0x08000243   Thumb Code     0  startup_stm32f407xx.o(.text)
    I2C2_EV_IRQHandler                       0x08000243   Thumb Code     0  startup_stm32f407xx.o(.text)
    I2C3_ER_IRQHandler                       0x08000243   Thumb Code     0  startup_stm32f407xx.o(.text)
    I2C3_EV_IRQHandler                       0x08000243   Thumb Code     0  startup_stm32f407xx.o(.text)
    OTG_FS_WKUP_IRQHandler                   0x08000243   Thumb Code     0  startup_stm32f407xx.o(.text)
    OTG_HS_EP1_IN_IRQHandler                 0x08000243   Thumb Code     0  startup_stm32f407xx.o(.text)
    OTG_HS_EP1_OUT_IRQHandler                0x08000243   Thumb Code     0  startup_stm32f407xx.o(.text)
    OTG_HS_IRQHandler                        0x08000243   Thumb Code     0  startup_stm32f407xx.o(.text)
    OTG_HS_WKUP_IRQHandler                   0x08000243   Thumb Code     0  startup_stm32f407xx.o(.text)
    PVD_IRQHandler                           0x08000243   Thumb Code     0  startup_stm32f407xx.o(.text)
    RCC_IRQHandler                           0x08000243   Thumb Code     0  startup_stm32f407xx.o(.text)
    RTC_Alarm_IRQHandler                     0x08000243   Thumb Code     0  startup_stm32f407xx.o(.text)
    RTC_WKUP_IRQHandler                      0x08000243   Thumb Code     0  startup_stm32f407xx.o(.text)
    SDIO_IRQHandler                          0x08000243   Thumb Code     0  startup_stm32f407xx.o(.text)
    SPI1_IRQHandler                          0x08000243   Thumb Code     0  startup_stm32f407xx.o(.text)
    SPI2_IRQHandler                          0x08000243   Thumb Code     0  startup_stm32f407xx.o(.text)
    SPI3_IRQHandler                          0x08000243   Thumb Code     0  startup_stm32f407xx.o(.text)
    TAMP_STAMP_IRQHandler                    0x08000243   Thumb Code     0  startup_stm32f407xx.o(.text)
    TIM1_BRK_TIM9_IRQHandler                 0x08000243   Thumb Code     0  startup_stm32f407xx.o(.text)
    TIM1_CC_IRQHandler                       0x08000243   Thumb Code     0  startup_stm32f407xx.o(.text)
    TIM1_TRG_COM_TIM11_IRQHandler            0x08000243   Thumb Code     0  startup_stm32f407xx.o(.text)
    TIM1_UP_TIM10_IRQHandler                 0x08000243   Thumb Code     0  startup_stm32f407xx.o(.text)
    TIM2_IRQHandler                          0x08000243   Thumb Code     0  startup_stm32f407xx.o(.text)
    TIM3_IRQHandler                          0x08000243   Thumb Code     0  startup_stm32f407xx.o(.text)
    TIM4_IRQHandler                          0x08000243   Thumb Code     0  startup_stm32f407xx.o(.text)
    TIM5_IRQHandler                          0x08000243   Thumb Code     0  startup_stm32f407xx.o(.text)
    TIM6_DAC_IRQHandler                      0x08000243   Thumb Code     0  startup_stm32f407xx.o(.text)
    TIM7_IRQHandler                          0x08000243   Thumb Code     0  startup_stm32f407xx.o(.text)
    TIM8_BRK_TIM12_IRQHandler                0x08000243   Thumb Code     0  startup_stm32f407xx.o(.text)
    TIM8_CC_IRQHandler                       0x08000243   Thumb Code     0  startup_stm32f407xx.o(.text)
    TIM8_TRG_COM_TIM14_IRQHandler            0x08000243   Thumb Code     0  startup_stm32f407xx.o(.text)
    TIM8_UP_TIM13_IRQHandler                 0x08000243   Thumb Code     0  startup_stm32f407xx.o(.text)
    UART4_IRQHandler                         0x08000243   Thumb Code     0  startup_stm32f407xx.o(.text)
    UART5_IRQHandler                         0x08000243   Thumb Code     0  startup_stm32f407xx.o(.text)
    USART1_IRQHandler                        0x08000243   Thumb Code     0  startup_stm32f407xx.o(.text)
    USART2_IRQHandler                        0x08000243   Thumb Code     0  startup_stm32f407xx.o(.text)
    USART3_IRQHandler                        0x08000243   Thumb Code     0  startup_stm32f407xx.o(.text)
    USART6_IRQHandler                        0x08000243   Thumb Code     0  startup_stm32f407xx.o(.text)
    WWDG_IRQHandler                          0x08000243   Thumb Code     0  startup_stm32f407xx.o(.text)
    __user_initial_stackheap                 0x08000245   Thumb Code     0  startup_stm32f407xx.o(.text)
    __aeabi_uldivmod                         0x08000269   Thumb Code     0  lludivv7m.o(.text)
    _ll_udiv                                 0x08000269   Thumb Code   238  lludivv7m.o(.text)
    strncmp                                  0x08000357   Thumb Code   150  strncmp.o(.text)
    __aeabi_memcpy4                          0x080003ed   Thumb Code     0  rt_memcpy_w.o(.text)
    __aeabi_memcpy8                          0x080003ed   Thumb Code     0  rt_memcpy_w.o(.text)
    __rt_memcpy_w                            0x080003ed   Thumb Code   100  rt_memcpy_w.o(.text)
    _memcpy_lastbytes_aligned                0x08000435   Thumb Code     0  rt_memcpy_w.o(.text)
    __aeabi_memclr4                          0x08000451   Thumb Code     0  rt_memclr_w.o(.text)
    __aeabi_memclr8                          0x08000451   Thumb Code     0  rt_memclr_w.o(.text)
    __rt_memclr_w                            0x08000451   Thumb Code    78  rt_memclr_w.o(.text)
    _memset_w                                0x08000455   Thumb Code     0  rt_memclr_w.o(.text)
    __use_two_region_memory                  0x0800049f   Thumb Code     2  heapauxi.o(.text)
    __rt_heap_escrow$2region                 0x080004a1   Thumb Code     2  heapauxi.o(.text)
    __rt_heap_expand$2region                 0x080004a3   Thumb Code     2  heapauxi.o(.text)
    __user_setup_stackheap                   0x080004a5   Thumb Code    74  sys_stackheap_outer.o(.text)
    exit                                     0x080004ef   Thumb Code    18  exit.o(.text)
    __user_libspace                          0x08000501   Thumb Code     8  libspace.o(.text)
    __user_perproc_libspace                  0x08000501   Thumb Code     0  libspace.o(.text)
    __user_perthread_libspace                0x08000501   Thumb Code     0  libspace.o(.text)
    _sys_exit                                0x08000509   Thumb Code     8  sys_exit.o(.text)
    __I$use$semihosting                      0x08000515   Thumb Code     0  use_no_semi.o(.text)
    __use_no_semihosting_swi                 0x08000515   Thumb Code     2  use_no_semi.o(.text)
    BusFault_Handler                         0x08000517   Thumb Code     2  stm32f4xx_it.o(i.BusFault_Handler)
    __semihosting_library_function           0x08000517   Thumb Code     0  indicate_semi.o(.text)
    CDC_Transmit_FS                          0x080005c1   Thumb Code    38  usbd_cdc_if.o(i.CDC_Transmit_FS)
    DebugMon_Handler                         0x080005ed   Thumb Code     2  stm32f4xx_it.o(i.DebugMon_Handler)
    EXTI0_IRQHandler                         0x080005ef   Thumb Code     6  stm32f4xx_it.o(i.EXTI0_IRQHandler)
    Error_Handler                            0x080005f5   Thumb Code     4  main.o(i.Error_Handler)
    HAL_Delay                                0x080005f9   Thumb Code    32  stm32f4xx_hal.o(i.HAL_Delay)
    HAL_GPIO_EXTI_Callback                   0x0800061d   Thumb Code     2  stm32f4xx_hal_gpio.o(i.HAL_GPIO_EXTI_Callback)
    HAL_GPIO_EXTI_IRQHandler                 0x08000621   Thumb Code    18  stm32f4xx_hal_gpio.o(i.HAL_GPIO_EXTI_IRQHandler)
    HAL_GPIO_Init                            0x08000639   Thumb Code   450  stm32f4xx_hal_gpio.o(i.HAL_GPIO_Init)
    HAL_GPIO_TogglePin                       0x08000829   Thumb Code    16  stm32f4xx_hal_gpio.o(i.HAL_GPIO_TogglePin)
    HAL_GPIO_WritePin                        0x08000839   Thumb Code    10  stm32f4xx_hal_gpio.o(i.HAL_GPIO_WritePin)
    HAL_GetTick                              0x08000845   Thumb Code     6  stm32f4xx_hal.o(i.HAL_GetTick)
    HAL_I2C_Init                             0x08000851   Thumb Code   376  stm32f4xx_hal_i2c.o(i.HAL_I2C_Init)
    HAL_I2C_MspInit                          0x080009d9   Thumb Code    92  stm32f4xx_hal_msp.o(i.HAL_I2C_MspInit)
    HAL_IncTick                              0x08000a41   Thumb Code    12  stm32f4xx_hal.o(i.HAL_IncTick)
    HAL_Init                                 0x08000a51   Thumb Code    48  stm32f4xx_hal.o(i.HAL_Init)
    HAL_InitTick                             0x08000a85   Thumb Code    54  stm32f4xx_hal.o(i.HAL_InitTick)
    HAL_MspInit                              0x08000ac5   Thumb Code    48  stm32f4xx_hal_msp.o(i.HAL_MspInit)
    HAL_NVIC_EnableIRQ                       0x08000af9   Thumb Code    26  stm32f4xx_hal_cortex.o(i.HAL_NVIC_EnableIRQ)
    HAL_NVIC_SetPriority                     0x08000b15   Thumb Code    60  stm32f4xx_hal_cortex.o(i.HAL_NVIC_SetPriority)
    HAL_NVIC_SetPriorityGrouping             0x08000b55   Thumb Code    26  stm32f4xx_hal_cortex.o(i.HAL_NVIC_SetPriorityGrouping)
    HAL_PCDEx_LPM_Callback                   0x08000b79   Thumb Code     2  stm32f4xx_hal_pcd_ex.o(i.HAL_PCDEx_LPM_Callback)
    HAL_PCDEx_SetRxFiFo                      0x08000b7b   Thumb Code     8  stm32f4xx_hal_pcd_ex.o(i.HAL_PCDEx_SetRxFiFo)
    HAL_PCDEx_SetTxFiFo                      0x08000b83   Thumb Code    68  stm32f4xx_hal_pcd_ex.o(i.HAL_PCDEx_SetTxFiFo)
    HAL_PCD_ConnectCallback                  0x08000bc7   Thumb Code     8  usbd_conf.o(i.HAL_PCD_ConnectCallback)
    HAL_PCD_DataInStageCallback              0x08000bcf   Thumb Code    18  usbd_conf.o(i.HAL_PCD_DataInStageCallback)
    HAL_PCD_DataOutStageCallback             0x08000be1   Thumb Code    20  usbd_conf.o(i.HAL_PCD_DataOutStageCallback)
    HAL_PCD_DisconnectCallback               0x08000bf5   Thumb Code     8  usbd_conf.o(i.HAL_PCD_DisconnectCallback)
    HAL_PCD_EP_Abort                         0x08000bfd   Thumb Code    30  stm32f4xx_hal_pcd.o(i.HAL_PCD_EP_Abort)
    HAL_PCD_EP_Close                         0x08000c1b   Thumb Code    76  stm32f4xx_hal_pcd.o(i.HAL_PCD_EP_Close)
    HAL_PCD_EP_ClrStall                      0x08000c67   Thumb Code    92  stm32f4xx_hal_pcd.o(i.HAL_PCD_EP_ClrStall)
    HAL_PCD_EP_GetRxCount                    0x08000cc3   Thumb Code    18  stm32f4xx_hal_pcd.o(i.HAL_PCD_EP_GetRxCount)
    HAL_PCD_EP_Open                          0x08000cd5   Thumb Code    96  stm32f4xx_hal_pcd.o(i.HAL_PCD_EP_Open)
    HAL_PCD_EP_Receive                       0x08000d35   Thumb Code    72  stm32f4xx_hal_pcd.o(i.HAL_PCD_EP_Receive)
    HAL_PCD_EP_SetStall                      0x08000d7d   Thumb Code   116  stm32f4xx_hal_pcd.o(i.HAL_PCD_EP_SetStall)
    HAL_PCD_EP_Transmit                      0x08000df1   Thumb Code    64  stm32f4xx_hal_pcd.o(i.HAL_PCD_EP_Transmit)
    HAL_PCD_IRQHandler                       0x08000e31   Thumb Code  1376  stm32f4xx_hal_pcd.o(i.HAL_PCD_IRQHandler)
    HAL_PCD_ISOINIncompleteCallback          0x08001391   Thumb Code     8  usbd_conf.o(i.HAL_PCD_ISOINIncompleteCallback)
    HAL_PCD_ISOOUTIncompleteCallback         0x08001399   Thumb Code     8  usbd_conf.o(i.HAL_PCD_ISOOUTIncompleteCallback)
    HAL_PCD_Init                             0x080013a1   Thumb Code   226  stm32f4xx_hal_pcd.o(i.HAL_PCD_Init)
    HAL_PCD_MspInit                          0x08001485   Thumb Code   142  usbd_conf.o(i.HAL_PCD_MspInit)
    HAL_PCD_ResetCallback                    0x0800151d   Thumb Code    44  usbd_conf.o(i.HAL_PCD_ResetCallback)
    HAL_PCD_ResumeCallback                   0x08001549   Thumb Code     8  usbd_conf.o(i.HAL_PCD_ResumeCallback)
    HAL_PCD_SOFCallback                      0x08001551   Thumb Code     8  usbd_conf.o(i.HAL_PCD_SOFCallback)
    HAL_PCD_SetAddress                       0x08001559   Thumb Code    40  stm32f4xx_hal_pcd.o(i.HAL_PCD_SetAddress)
    HAL_PCD_SetupStageCallback               0x08001581   Thumb Code    14  usbd_conf.o(i.HAL_PCD_SetupStageCallback)
    HAL_PCD_Start                            0x0800158f   Thumb Code    66  stm32f4xx_hal_pcd.o(i.HAL_PCD_Start)
    HAL_PCD_SuspendCallback                  0x080015d1   Thumb Code    44  usbd_conf.o(i.HAL_PCD_SuspendCallback)
    HAL_RCC_ClockConfig                      0x08001601   Thumb Code   288  stm32f4xx_hal_rcc.o(i.HAL_RCC_ClockConfig)
    HAL_RCC_GetHCLKFreq                      0x08001735   Thumb Code     6  stm32f4xx_hal_rcc.o(i.HAL_RCC_GetHCLKFreq)
    HAL_RCC_GetPCLK1Freq                     0x08001741   Thumb Code    20  stm32f4xx_hal_rcc.o(i.HAL_RCC_GetPCLK1Freq)
    HAL_RCC_GetSysClockFreq                  0x08001761   Thumb Code    88  stm32f4xx_hal_rcc.o(i.HAL_RCC_GetSysClockFreq)
    HAL_RCC_OscConfig                        0x080017c1   Thumb Code   856  stm32f4xx_hal_rcc.o(i.HAL_RCC_OscConfig)
    HAL_SPI_Init                             0x08001b2d   Thumb Code   188  stm32f4xx_hal_spi.o(i.HAL_SPI_Init)
    HAL_SPI_MspInit                          0x08001be9   Thumb Code    92  stm32f4xx_hal_msp.o(i.HAL_SPI_MspInit)
    HAL_SYSTICK_Config                       0x08001c51   Thumb Code    40  stm32f4xx_hal_cortex.o(i.HAL_SYSTICK_Config)
    HardFault_Handler                        0x08001c79   Thumb Code     2  stm32f4xx_it.o(i.HardFault_Handler)
    MX_USB_DEVICE_Init                       0x08001dcd   Thumb Code    66  usb_device.o(i.MX_USB_DEVICE_Init)
    MemManage_Handler                        0x08001e21   Thumb Code     2  stm32f4xx_it.o(i.MemManage_Handler)
    NMI_Handler                              0x08001e23   Thumb Code     2  stm32f4xx_it.o(i.NMI_Handler)
    OTG_FS_IRQHandler                        0x08001e25   Thumb Code     6  stm32f4xx_it.o(i.OTG_FS_IRQHandler)
    PendSV_Handler                           0x08001f9f   Thumb Code     2  stm32f4xx_it.o(i.PendSV_Handler)
    SVC_Handler                              0x08001fa1   Thumb Code     2  stm32f4xx_it.o(i.SVC_Handler)
    SysTick_Handler                          0x08001fad   Thumb Code     4  stm32f4xx_it.o(i.SysTick_Handler)
    SystemClock_Config                       0x08001fb1   Thumb Code   142  main.o(i.SystemClock_Config)
    SystemInit                               0x08002049   Thumb Code    12  system_stm32f4xx.o(i.SystemInit)
    USBD_CDC_GetDeviceQualifierDescriptor    0x080021d5   Thumb Code     8  usbd_cdc.o(i.USBD_CDC_GetDeviceQualifierDescriptor)
    USBD_CDC_ReceivePacket                   0x080023b1   Thumb Code    50  usbd_cdc.o(i.USBD_CDC_ReceivePacket)
    USBD_CDC_RegisterInterface               0x080023e9   Thumb Code    22  usbd_cdc.o(i.USBD_CDC_RegisterInterface)
    USBD_CDC_SetRxBuffer                     0x080023ff   Thumb Code    26  usbd_cdc.o(i.USBD_CDC_SetRxBuffer)
    USBD_CDC_SetTxBuffer                     0x08002419   Thumb Code    30  usbd_cdc.o(i.USBD_CDC_SetTxBuffer)
    USBD_CDC_TransmitPacket                  0x0800250d   Thumb Code    76  usbd_cdc.o(i.USBD_CDC_TransmitPacket)
    USBD_ClrClassConfig                      0x0800255d   Thumb Code    20  usbd_core.o(i.USBD_ClrClassConfig)
    USBD_CoreFindEP                          0x08002571   Thumb Code     4  usbd_core.o(i.USBD_CoreFindEP)
    USBD_CoreFindIF                          0x08002575   Thumb Code     4  usbd_core.o(i.USBD_CoreFindIF)
    USBD_CtlContinueRx                       0x08002579   Thumb Code    16  usbd_ioreq.o(i.USBD_CtlContinueRx)
    USBD_CtlContinueSendData                 0x08002589   Thumb Code    16  usbd_ioreq.o(i.USBD_CtlContinueSendData)
    USBD_CtlError                            0x08002599   Thumb Code    22  usbd_ctlreq.o(i.USBD_CtlError)
    USBD_CtlPrepareRx                        0x080025af   Thumb Code    30  usbd_ioreq.o(i.USBD_CtlPrepareRx)
    USBD_CtlReceiveStatus                    0x080025cd   Thumb Code    22  usbd_ioreq.o(i.USBD_CtlReceiveStatus)
    USBD_CtlSendData                         0x080025e3   Thumb Code    26  usbd_ioreq.o(i.USBD_CtlSendData)
    USBD_CtlSendStatus                       0x080025fd   Thumb Code    22  usbd_ioreq.o(i.USBD_CtlSendStatus)
    USBD_FS_ConfigStrDescriptor              0x08002615   Thumb Code    16  usbd_desc.o(i.USBD_FS_ConfigStrDescriptor)
    USBD_FS_DeviceDescriptor                 0x08002635   Thumb Code     8  usbd_desc.o(i.USBD_FS_DeviceDescriptor)
    USBD_FS_InterfaceStrDescriptor           0x08002641   Thumb Code    16  usbd_desc.o(i.USBD_FS_InterfaceStrDescriptor)
    USBD_FS_LangIDStrDescriptor              0x08002665   Thumb Code     8  usbd_desc.o(i.USBD_FS_LangIDStrDescriptor)
    USBD_FS_ManufacturerStrDescriptor        0x08002671   Thumb Code    16  usbd_desc.o(i.USBD_FS_ManufacturerStrDescriptor)
    USBD_FS_ProductStrDescriptor             0x08002699   Thumb Code    16  usbd_desc.o(i.USBD_FS_ProductStrDescriptor)
    USBD_FS_SerialStrDescriptor              0x080026c5   Thumb Code    48  usbd_desc.o(i.USBD_FS_SerialStrDescriptor)
    USBD_GetEpDesc                           0x080027e3   Thumb Code    58  usbd_core.o(i.USBD_GetEpDesc)
    USBD_GetNextDesc                         0x0800281d   Thumb Code    14  usbd_core.o(i.USBD_GetNextDesc)
    USBD_GetString                           0x0800282b   Thumb Code    72  usbd_ctlreq.o(i.USBD_GetString)
    USBD_Get_USB_Status                      0x08002873   Thumb Code    24  usbd_conf.o(i.USBD_Get_USB_Status)
    USBD_Init                                0x0800288b   Thumb Code    38  usbd_core.o(i.USBD_Init)
    USBD_LL_ClearStallEP                     0x080028b1   Thumb Code    18  usbd_conf.o(i.USBD_LL_ClearStallEP)
    USBD_LL_CloseEP                          0x080028c3   Thumb Code    18  usbd_conf.o(i.USBD_LL_CloseEP)
    USBD_LL_DataInStage                      0x080028d5   Thumb Code   182  usbd_core.o(i.USBD_LL_DataInStage)
    USBD_LL_DataOutStage                     0x0800298b   Thumb Code   142  usbd_core.o(i.USBD_LL_DataOutStage)
    USBD_LL_DevConnected                     0x08002a19   Thumb Code     4  usbd_core.o(i.USBD_LL_DevConnected)
    USBD_LL_DevDisconnected                  0x08002a1d   Thumb Code    30  usbd_core.o(i.USBD_LL_DevDisconnected)
    USBD_LL_GetRxDataSize                    0x08002a3b   Thumb Code     8  usbd_conf.o(i.USBD_LL_GetRxDataSize)
    USBD_LL_Init                             0x08002a45   Thumb Code    92  usbd_conf.o(i.USBD_LL_Init)
    USBD_LL_IsStallEP                        0x08002aa5   Thumb Code    32  usbd_conf.o(i.USBD_LL_IsStallEP)
    USBD_LL_IsoINIncomplete                  0x08002ac5   Thumb Code    40  usbd_core.o(i.USBD_LL_IsoINIncomplete)
    USBD_LL_IsoOUTIncomplete                 0x08002aed   Thumb Code    40  usbd_core.o(i.USBD_LL_IsoOUTIncomplete)
    USBD_LL_OpenEP                           0x08002b15   Thumb Code    24  usbd_conf.o(i.USBD_LL_OpenEP)
    USBD_LL_PrepareReceive                   0x08002b2d   Thumb Code    18  usbd_conf.o(i.USBD_LL_PrepareReceive)
    USBD_LL_Reset                            0x08002b3f   Thumb Code    92  usbd_core.o(i.USBD_LL_Reset)
    USBD_LL_Resume                           0x08002b9b   Thumb Code    20  usbd_core.o(i.USBD_LL_Resume)
    USBD_LL_SOF                              0x08002baf   Thumb Code    26  usbd_core.o(i.USBD_LL_SOF)
    USBD_LL_SetSpeed                         0x08002bc9   Thumb Code     6  usbd_core.o(i.USBD_LL_SetSpeed)
    USBD_LL_SetUSBAddress                    0x08002bcf   Thumb Code    18  usbd_conf.o(i.USBD_LL_SetUSBAddress)
    USBD_LL_SetupStage                       0x08002be1   Thumb Code    96  usbd_core.o(i.USBD_LL_SetupStage)
    USBD_LL_StallEP                          0x08002c41   Thumb Code    18  usbd_conf.o(i.USBD_LL_StallEP)
    USBD_LL_Start                            0x08002c53   Thumb Code    18  usbd_conf.o(i.USBD_LL_Start)
    USBD_LL_Suspend                          0x08002c65   Thumb Code    18  usbd_core.o(i.USBD_LL_Suspend)
    USBD_LL_Transmit                         0x08002c77   Thumb Code    18  usbd_conf.o(i.USBD_LL_Transmit)
    USBD_ParseSetupRequest                   0x08002c89   Thumb Code    44  usbd_ctlreq.o(i.USBD_ParseSetupRequest)
    USBD_RegisterClass                       0x08002cb5   Thumb Code    58  usbd_core.o(i.USBD_RegisterClass)
    USBD_SetClassConfig                      0x08002cef   Thumb Code    20  usbd_core.o(i.USBD_SetClassConfig)
    USBD_Start                               0x08002dbd   Thumb Code     4  usbd_core.o(i.USBD_Start)
    USBD_StdDevReq                           0x08002dc1   Thumb Code   300  usbd_ctlreq.o(i.USBD_StdDevReq)
    USBD_StdEPReq                            0x08002eed   Thumb Code   352  usbd_ctlreq.o(i.USBD_StdEPReq)
    USBD_StdItfReq                           0x0800304d   Thumb Code   114  usbd_ctlreq.o(i.USBD_StdItfReq)
    USBD_static_free                         0x080030bf   Thumb Code     2  usbd_conf.o(i.USBD_static_free)
    USBD_static_malloc                       0x080030c1   Thumb Code     4  usbd_conf.o(i.USBD_static_malloc)
    USBRxHandler                             0x080030c9   Thumb Code    12  main.o(i.USBRxHandler)
    USB_ActivateEndpoint                     0x080030d9   Thumb Code   122  stm32f4xx_ll_usb.o(i.USB_ActivateEndpoint)
    USB_ActivateSetup                        0x08003159   Thumb Code    28  stm32f4xx_ll_usb.o(i.USB_ActivateSetup)
    USB_CoreInit                             0x08003175   Thumb Code   112  stm32f4xx_ll_usb.o(i.USB_CoreInit)
    USB_DeactivateEndpoint                   0x08003229   Thumb Code   194  stm32f4xx_ll_usb.o(i.USB_DeactivateEndpoint)
    USB_DevConnect                           0x080032f5   Thumb Code    28  stm32f4xx_ll_usb.o(i.USB_DevConnect)
    USB_DevDisconnect                        0x08003311   Thumb Code    28  stm32f4xx_ll_usb.o(i.USB_DevDisconnect)
    USB_DevInit                              0x0800332d   Thumb Code   362  stm32f4xx_ll_usb.o(i.USB_DevInit)
    USB_DisableGlobalInt                     0x080034a1   Thumb Code    12  stm32f4xx_ll_usb.o(i.USB_DisableGlobalInt)
    USB_EP0StartXfer                         0x080034ad   Thumb Code   280  stm32f4xx_ll_usb.o(i.USB_EP0StartXfer)
    USB_EP0_OutStart                         0x080035c9   Thumb Code    84  stm32f4xx_ll_usb.o(i.USB_EP0_OutStart)
    USB_EPClearStall                         0x08003621   Thumb Code    88  stm32f4xx_ll_usb.o(i.USB_EPClearStall)
    USB_EPSetStall                           0x08003679   Thumb Code    88  stm32f4xx_ll_usb.o(i.USB_EPSetStall)
    USB_EPStartXfer                          0x080036d1   Thumb Code   480  stm32f4xx_ll_usb.o(i.USB_EPStartXfer)
    USB_EPStopXfer                           0x080038b5   Thumb Code   158  stm32f4xx_ll_usb.o(i.USB_EPStopXfer)
    USB_EnableGlobalInt                      0x08003953   Thumb Code    12  stm32f4xx_ll_usb.o(i.USB_EnableGlobalInt)
    USB_FlushRxFifo                          0x08003961   Thumb Code    54  stm32f4xx_ll_usb.o(i.USB_FlushRxFifo)
    USB_FlushTxFifo                          0x0800399d   Thumb Code    58  stm32f4xx_ll_usb.o(i.USB_FlushTxFifo)
    USB_GetDevSpeed                          0x080039dd   Thumb Code    26  stm32f4xx_ll_usb.o(i.USB_GetDevSpeed)
    USB_GetMode                              0x080039f7   Thumb Code     8  stm32f4xx_ll_usb.o(i.USB_GetMode)
    USB_ReadDevAllInEpInterrupt              0x080039ff   Thumb Code    14  stm32f4xx_ll_usb.o(i.USB_ReadDevAllInEpInterrupt)
    USB_ReadDevAllOutEpInterrupt             0x08003a0d   Thumb Code    14  stm32f4xx_ll_usb.o(i.USB_ReadDevAllOutEpInterrupt)
    USB_ReadDevInEPInterrupt                 0x08003a1b   Thumb Code    36  stm32f4xx_ll_usb.o(i.USB_ReadDevInEPInterrupt)
    USB_ReadDevOutEPInterrupt                0x08003a3f   Thumb Code    16  stm32f4xx_ll_usb.o(i.USB_ReadDevOutEPInterrupt)
    USB_ReadInterrupts                       0x08003a4f   Thumb Code     8  stm32f4xx_ll_usb.o(i.USB_ReadInterrupts)
    USB_ReadPacket                           0x08003a57   Thumb Code    62  stm32f4xx_ll_usb.o(i.USB_ReadPacket)
    USB_SetCurrentMode                       0x08003a95   Thumb Code    92  stm32f4xx_ll_usb.o(i.USB_SetCurrentMode)
    USB_SetDevAddress                        0x08003af1   Thumb Code    34  stm32f4xx_ll_usb.o(i.USB_SetDevAddress)
    USB_SetTurnaroundTime                    0x08003b15   Thumb Code   158  stm32f4xx_ll_usb.o(i.USB_SetTurnaroundTime)
    USB_WritePacket                          0x08003bfd   Thumb Code    40  stm32f4xx_ll_usb.o(i.USB_WritePacket)
    UsageFault_Handler                       0x08003c25   Thumb Code     2  stm32f4xx_it.o(i.UsageFault_Handler)
    main                                     0x08003c49   Thumb Code   116  main.o(i.main)
    _fp_init                                 0x08003ce1   Thumb Code    10  fpinit.o(x$fpl$fpinit)
    __fplib_config_fpu_vfp                   0x08003ce9   Thumb Code     0  fpinit.o(x$fpl$fpinit)
    __fplib_config_pureend_doubles           0x08003ce9   Thumb Code     0  fpinit.o(x$fpl$fpinit)
    AHBPrescTable                            0x08003cea   Data          16  system_stm32f4xx.o(.constdata)
    APBPrescTable                            0x08003cfa   Data           8  system_stm32f4xx.o(.constdata)
    Region$$Table$$Base                      0x08003d04   Number         0  anon$$obj.o(Region$$Table)
    Region$$Table$$Limit                     0x08003d24   Number         0  anon$$obj.o(Region$$Table)
    USBRXDataReady                           0x20000000   Data           1  main.o(.data)
    USBRXDataLength                          0x20000001   Data           1  main.o(.data)
    USBRXDataBuffer                          0x20000004   Data           4  main.o(.data)
    FS_Desc                                  0x20000008   Data          28  usbd_desc.o(.data)
    USBD_LangIDDesc                          0x20000024   Data           4  usbd_desc.o(.data)
    USBD_FS_DeviceDesc                       0x20000028   Data          18  usbd_desc.o(.data)
    USBD_StringSerial                        0x2000003c   Data          26  usbd_desc.o(.data)
    USBD_Interface_fops_FS                   0x20000058   Data          20  usbd_cdc_if.o(.data)
    temp                                     0x2000006c   Data           7  usbd_cdc_if.o(.data)
    uwTickFreq                               0x20000074   Data           1  stm32f4xx_hal.o(.data)
    uwTickPrio                               0x20000078   Data           4  stm32f4xx_hal.o(.data)
    uwTick                                   0x2000007c   Data           4  stm32f4xx_hal.o(.data)
    SystemCoreClock                          0x20000080   Data           4  system_stm32f4xx.o(.data)
    USBD_CDC                                 0x200000dc   Data          56  usbd_cdc.o(.data)
    hi2c1                                    0x20000114   Data          84  main.o(.bss)
    hspi1                                    0x20000168   Data          88  main.o(.bss)
    hUsbDeviceFS                             0x200001c0   Data         732  usb_device.o(.bss)
    USBD_StrDesc                             0x2000049c   Data         512  usbd_desc.o(.bss)
    UserRxBufferFS                           0x2000069c   Data        2048  usbd_cdc_if.o(.bss)
    UserTxBufferFS                           0x20000e9c   Data        2048  usbd_cdc_if.o(.bss)
    hpcd_USB_OTG_FS                          0x200018bc   Data        1292  usbd_conf.o(.bss)
    __libspace_start                         0x20001dc8   Data          96  libspace.o(.bss)
    __temporary_stack_top$libspace           0x20001e28   Data           0  libspace.o(.bss)



==============================================================================

Memory Map of the image

  Image Entry point : 0x08000189

  Load Region LR_IROM1 (Base: 0x08000000, Size: 0x00003e38, Max: 0x00100000, ABSOLUTE)

    Execution Region ER_IROM1 (Exec base: 0x08000000, Load base: 0x08000000, Size: 0x00003d24, Max: 0x00100000, ABSOLUTE)

    Exec Addr    Load Addr    Size         Type   Attr      Idx    E Section Name        Object

    0x08000000   0x08000000   0x00000188   Data   RO            3    RESET               startup_stm32f407xx.o
    0x08000188   0x08000188   0x00000008   Code   RO         3699  * !!!main             c_w.l(__main.o)
    0x08000190   0x08000190   0x00000034   Code   RO         3868    !!!scatter          c_w.l(__scatter.o)
    0x080001c4   0x080001c4   0x0000001a   Code   RO         3870    !!handler_copy      c_w.l(__scatter_copy.o)
    0x080001de   0x080001de   0x00000002   PAD
    0x080001e0   0x080001e0   0x0000001c   Code   RO         3872    !!handler_zi        c_w.l(__scatter_zi.o)
    0x080001fc   0x080001fc   0x00000002   Code   RO         3736    .ARM.Collect$$libinit$$00000000  c_w.l(libinit.o)
    0x080001fe   0x080001fe   0x00000004   Code   RO         3748    .ARM.Collect$$libinit$$00000001  c_w.l(libinit2.o)
    0x08000202   0x08000202   0x00000000   Code   RO         3751    .ARM.Collect$$libinit$$00000004  c_w.l(libinit2.o)
    0x08000202   0x08000202   0x00000000   Code   RO         3754    .ARM.Collect$$libinit$$0000000A  c_w.l(libinit2.o)
    0x08000202   0x08000202   0x00000000   Code   RO         3756    .ARM.Collect$$libinit$$0000000C  c_w.l(libinit2.o)
    0x08000202   0x08000202   0x00000000   Code   RO         3758    .ARM.Collect$$libinit$$0000000E  c_w.l(libinit2.o)
    0x08000202   0x08000202   0x00000000   Code   RO         3761    .ARM.Collect$$libinit$$00000011  c_w.l(libinit2.o)
    0x08000202   0x08000202   0x00000000   Code   RO         3763    .ARM.Collect$$libinit$$00000013  c_w.l(libinit2.o)
    0x08000202   0x08000202   0x00000000   Code   RO         3765    .ARM.Collect$$libinit$$00000015  c_w.l(libinit2.o)
    0x08000202   0x08000202   0x00000000   Code   RO         3767    .ARM.Collect$$libinit$$00000017  c_w.l(libinit2.o)
    0x08000202   0x08000202   0x00000000   Code   RO         3769    .ARM.Collect$$libinit$$00000019  c_w.l(libinit2.o)
    0x08000202   0x08000202   0x00000000   Code   RO         3771    .ARM.Collect$$libinit$$0000001B  c_w.l(libinit2.o)
    0x08000202   0x08000202   0x00000000   Code   RO         3773    .ARM.Collect$$libinit$$0000001D  c_w.l(libinit2.o)
    0x08000202   0x08000202   0x00000000   Code   RO         3775    .ARM.Collect$$libinit$$0000001F  c_w.l(libinit2.o)
    0x08000202   0x08000202   0x00000000   Code   RO         3777    .ARM.Collect$$libinit$$00000021  c_w.l(libinit2.o)
    0x08000202   0x08000202   0x00000000   Code   RO         3779    .ARM.Collect$$libinit$$00000023  c_w.l(libinit2.o)
    0x08000202   0x08000202   0x00000000   Code   RO         3781    .ARM.Collect$$libinit$$00000025  c_w.l(libinit2.o)
    0x08000202   0x08000202   0x00000000   Code   RO         3785    .ARM.Collect$$libinit$$0000002C  c_w.l(libinit2.o)
    0x08000202   0x08000202   0x00000000   Code   RO         3787    .ARM.Collect$$libinit$$0000002E  c_w.l(libinit2.o)
    0x08000202   0x08000202   0x00000000   Code   RO         3789    .ARM.Collect$$libinit$$00000030  c_w.l(libinit2.o)
    0x08000202   0x08000202   0x00000000   Code   RO         3791    .ARM.Collect$$libinit$$00000032  c_w.l(libinit2.o)
    0x08000202   0x08000202   0x00000002   Code   RO         3792    .ARM.Collect$$libinit$$00000033  c_w.l(libinit2.o)
    0x08000204   0x08000204   0x00000002   Code   RO         3823    .ARM.Collect$$libshutdown$$00000000  c_w.l(libshutdown.o)
    0x08000206   0x08000206   0x00000000   Code   RO         3849    .ARM.Collect$$libshutdown$$00000002  c_w.l(libshutdown2.o)
    0x08000206   0x08000206   0x00000000   Code   RO         3851    .ARM.Collect$$libshutdown$$00000004  c_w.l(libshutdown2.o)
    0x08000206   0x08000206   0x00000000   Code   RO         3853    .ARM.Collect$$libshutdown$$00000006  c_w.l(libshutdown2.o)
    0x08000206   0x08000206   0x00000000   Code   RO         3856    .ARM.Collect$$libshutdown$$00000009  c_w.l(libshutdown2.o)
    0x08000206   0x08000206   0x00000000   Code   RO         3859    .ARM.Collect$$libshutdown$$0000000C  c_w.l(libshutdown2.o)
    0x08000206   0x08000206   0x00000000   Code   RO         3861    .ARM.Collect$$libshutdown$$0000000E  c_w.l(libshutdown2.o)
    0x08000206   0x08000206   0x00000000   Code   RO         3864    .ARM.Collect$$libshutdown$$00000011  c_w.l(libshutdown2.o)
    0x08000206   0x08000206   0x00000002   Code   RO         3865    .ARM.Collect$$libshutdown$$00000012  c_w.l(libshutdown2.o)
    0x08000208   0x08000208   0x00000000   Code   RO         3701    .ARM.Collect$$rtentry$$00000000  c_w.l(__rtentry.o)
    0x08000208   0x08000208   0x00000000   Code   RO         3707    .ARM.Collect$$rtentry$$00000002  c_w.l(__rtentry2.o)
    0x08000208   0x08000208   0x00000006   Code   RO         3719    .ARM.Collect$$rtentry$$00000004  c_w.l(__rtentry4.o)
    0x0800020e   0x0800020e   0x00000000   Code   RO         3709    .ARM.Collect$$rtentry$$00000009  c_w.l(__rtentry2.o)
    0x0800020e   0x0800020e   0x00000004   Code   RO         3710    .ARM.Collect$$rtentry$$0000000A  c_w.l(__rtentry2.o)
    0x08000212   0x08000212   0x00000000   Code   RO         3712    .ARM.Collect$$rtentry$$0000000C  c_w.l(__rtentry2.o)
    0x08000212   0x08000212   0x00000008   Code   RO         3713    .ARM.Collect$$rtentry$$0000000D  c_w.l(__rtentry2.o)
    0x0800021a   0x0800021a   0x00000002   Code   RO         3740    .ARM.Collect$$rtexit$$00000000  c_w.l(rtexit.o)
    0x0800021c   0x0800021c   0x00000000   Code   RO         3796    .ARM.Collect$$rtexit$$00000002  c_w.l(rtexit2.o)
    0x0800021c   0x0800021c   0x00000004   Code   RO         3797    .ARM.Collect$$rtexit$$00000003  c_w.l(rtexit2.o)
    0x08000220   0x08000220   0x00000006   Code   RO         3798    .ARM.Collect$$rtexit$$00000004  c_w.l(rtexit2.o)
    0x08000226   0x08000226   0x00000002   PAD
    0x08000228   0x08000228   0x00000040   Code   RO            4    .text               startup_stm32f407xx.o
    0x08000268   0x08000268   0x000000ee   Code   RO         3689    .text               c_w.l(lludivv7m.o)
    0x08000356   0x08000356   0x00000096   Code   RO         3691    .text               c_w.l(strncmp.o)
    0x080003ec   0x080003ec   0x00000064   Code   RO         3693    .text               c_w.l(rt_memcpy_w.o)
    0x08000450   0x08000450   0x0000004e   Code   RO         3695    .text               c_w.l(rt_memclr_w.o)
    0x0800049e   0x0800049e   0x00000006   Code   RO         3697    .text               c_w.l(heapauxi.o)
    0x080004a4   0x080004a4   0x0000004a   Code   RO         3723    .text               c_w.l(sys_stackheap_outer.o)
    0x080004ee   0x080004ee   0x00000012   Code   RO         3725    .text               c_w.l(exit.o)
    0x08000500   0x08000500   0x00000008   Code   RO         3737    .text               c_w.l(libspace.o)
    0x08000508   0x08000508   0x0000000c   Code   RO         3793    .text               c_w.l(sys_exit.o)
    0x08000514   0x08000514   0x00000002   Code   RO         3812    .text               c_w.l(use_no_semi.o)
    0x08000516   0x08000516   0x00000000   Code   RO         3814    .text               c_w.l(indicate_semi.o)
    0x08000516   0x08000516   0x00000002   Code   RO          194    i.BusFault_Handler  stm32f4xx_it.o
    0x08000518   0x08000518   0x00000054   Code   RO          464    i.CDC_Control_FS    usbd_cdc_if.o
    0x0800056c   0x0800056c   0x00000004   Code   RO          465    i.CDC_DeInit_FS     usbd_cdc_if.o
    0x08000570   0x08000570   0x00000024   Code   RO          466    i.CDC_Init_FS       usbd_cdc_if.o
    0x08000594   0x08000594   0x00000028   Code   RO          467    i.CDC_Receive_FS    usbd_cdc_if.o
    0x080005bc   0x080005bc   0x00000004   Code   RO          468    i.CDC_TransmitCplt_FS  usbd_cdc_if.o
    0x080005c0   0x080005c0   0x0000002c   Code   RO          469    i.CDC_Transmit_FS   usbd_cdc_if.o
    0x080005ec   0x080005ec   0x00000002   Code   RO          195    i.DebugMon_Handler  stm32f4xx_it.o
    0x080005ee   0x080005ee   0x00000006   Code   RO          196    i.EXTI0_IRQHandler  stm32f4xx_it.o
    0x080005f4   0x080005f4   0x00000004   Code   RO           13    i.Error_Handler     main.o
    0x080005f8   0x080005f8   0x00000024   Code   RO         2195    i.HAL_Delay         stm32f4xx_hal.o
    0x0800061c   0x0800061c   0x00000002   Code   RO         1667    i.HAL_GPIO_EXTI_Callback  stm32f4xx_hal_gpio.o
    0x0800061e   0x0800061e   0x00000002   PAD
    0x08000620   0x08000620   0x00000018   Code   RO         1668    i.HAL_GPIO_EXTI_IRQHandler  stm32f4xx_hal_gpio.o
    0x08000638   0x08000638   0x000001f0   Code   RO         1669    i.HAL_GPIO_Init     stm32f4xx_hal_gpio.o
    0x08000828   0x08000828   0x00000010   Code   RO         1672    i.HAL_GPIO_TogglePin  stm32f4xx_hal_gpio.o
    0x08000838   0x08000838   0x0000000a   Code   RO         1673    i.HAL_GPIO_WritePin  stm32f4xx_hal_gpio.o
    0x08000842   0x08000842   0x00000002   PAD
    0x08000844   0x08000844   0x0000000c   Code   RO         2201    i.HAL_GetTick       stm32f4xx_hal.o
    0x08000850   0x08000850   0x00000188   Code   RO         2457    i.HAL_I2C_Init      stm32f4xx_hal_i2c.o
    0x080009d8   0x080009d8   0x00000068   Code   RO          283    i.HAL_I2C_MspInit   stm32f4xx_hal_msp.o
    0x08000a40   0x08000a40   0x00000010   Code   RO         2207    i.HAL_IncTick       stm32f4xx_hal.o
    0x08000a50   0x08000a50   0x00000034   Code   RO         2208    i.HAL_Init          stm32f4xx_hal.o
    0x08000a84   0x08000a84   0x00000040   Code   RO         2209    i.HAL_InitTick      stm32f4xx_hal.o
    0x08000ac4   0x08000ac4   0x00000034   Code   RO          284    i.HAL_MspInit       stm32f4xx_hal_msp.o
    0x08000af8   0x08000af8   0x0000001a   Code   RO         2058    i.HAL_NVIC_EnableIRQ  stm32f4xx_hal_cortex.o
    0x08000b12   0x08000b12   0x00000002   PAD
    0x08000b14   0x08000b14   0x00000040   Code   RO         2064    i.HAL_NVIC_SetPriority  stm32f4xx_hal_cortex.o
    0x08000b54   0x08000b54   0x00000024   Code   RO         2065    i.HAL_NVIC_SetPriorityGrouping  stm32f4xx_hal_cortex.o
    0x08000b78   0x08000b78   0x00000002   Code   RO          968    i.HAL_PCDEx_LPM_Callback  stm32f4xx_hal_pcd_ex.o
    0x08000b7a   0x08000b7a   0x00000008   Code   RO          969    i.HAL_PCDEx_SetRxFiFo  stm32f4xx_hal_pcd_ex.o
    0x08000b82   0x08000b82   0x00000044   Code   RO          970    i.HAL_PCDEx_SetTxFiFo  stm32f4xx_hal_pcd_ex.o
    0x08000bc6   0x08000bc6   0x00000008   Code   RO          522    i.HAL_PCD_ConnectCallback  usbd_conf.o
    0x08000bce   0x08000bce   0x00000012   Code   RO          523    i.HAL_PCD_DataInStageCallback  usbd_conf.o
    0x08000be0   0x08000be0   0x00000014   Code   RO          524    i.HAL_PCD_DataOutStageCallback  usbd_conf.o
    0x08000bf4   0x08000bf4   0x00000008   Code   RO          525    i.HAL_PCD_DisconnectCallback  usbd_conf.o
    0x08000bfc   0x08000bfc   0x0000001e   Code   RO          738    i.HAL_PCD_EP_Abort  stm32f4xx_hal_pcd.o
    0x08000c1a   0x08000c1a   0x0000004c   Code   RO          739    i.HAL_PCD_EP_Close  stm32f4xx_hal_pcd.o
    0x08000c66   0x08000c66   0x0000005c   Code   RO          740    i.HAL_PCD_EP_ClrStall  stm32f4xx_hal_pcd.o
    0x08000cc2   0x08000cc2   0x00000012   Code   RO          742    i.HAL_PCD_EP_GetRxCount  stm32f4xx_hal_pcd.o
    0x08000cd4   0x08000cd4   0x00000060   Code   RO          743    i.HAL_PCD_EP_Open   stm32f4xx_hal_pcd.o
    0x08000d34   0x08000d34   0x00000048   Code   RO          744    i.HAL_PCD_EP_Receive  stm32f4xx_hal_pcd.o
    0x08000d7c   0x08000d7c   0x00000074   Code   RO          745    i.HAL_PCD_EP_SetStall  stm32f4xx_hal_pcd.o
    0x08000df0   0x08000df0   0x00000040   Code   RO          746    i.HAL_PCD_EP_Transmit  stm32f4xx_hal_pcd.o
    0x08000e30   0x08000e30   0x00000560   Code   RO          748    i.HAL_PCD_IRQHandler  stm32f4xx_hal_pcd.o
    0x08001390   0x08001390   0x00000008   Code   RO          526    i.HAL_PCD_ISOINIncompleteCallback  usbd_conf.o
    0x08001398   0x08001398   0x00000008   Code   RO          527    i.HAL_PCD_ISOOUTIncompleteCallback  usbd_conf.o
    0x080013a0   0x080013a0   0x000000e2   Code   RO          751    i.HAL_PCD_Init      stm32f4xx_hal_pcd.o
    0x08001482   0x08001482   0x00000002   PAD
    0x08001484   0x08001484   0x00000098   Code   RO          529    i.HAL_PCD_MspInit   usbd_conf.o
    0x0800151c   0x0800151c   0x0000002c   Code   RO          530    i.HAL_PCD_ResetCallback  usbd_conf.o
    0x08001548   0x08001548   0x00000008   Code   RO          531    i.HAL_PCD_ResumeCallback  usbd_conf.o
    0x08001550   0x08001550   0x00000008   Code   RO          532    i.HAL_PCD_SOFCallback  usbd_conf.o
    0x08001558   0x08001558   0x00000028   Code   RO          757    i.HAL_PCD_SetAddress  stm32f4xx_hal_pcd.o
    0x08001580   0x08001580   0x0000000e   Code   RO          533    i.HAL_PCD_SetupStageCallback  usbd_conf.o
    0x0800158e   0x0800158e   0x00000042   Code   RO          760    i.HAL_PCD_Start     stm32f4xx_hal_pcd.o
    0x080015d0   0x080015d0   0x00000030   Code   RO          534    i.HAL_PCD_SuspendCallback  usbd_conf.o
    0x08001600   0x08001600   0x00000134   Code   RO         1315    i.HAL_RCC_ClockConfig  stm32f4xx_hal_rcc.o
    0x08001734   0x08001734   0x0000000c   Code   RO         1320    i.HAL_RCC_GetHCLKFreq  stm32f4xx_hal_rcc.o
    0x08001740   0x08001740   0x00000020   Code   RO         1322    i.HAL_RCC_GetPCLK1Freq  stm32f4xx_hal_rcc.o
    0x08001760   0x08001760   0x00000060   Code   RO         1324    i.HAL_RCC_GetSysClockFreq  stm32f4xx_hal_rcc.o
    0x080017c0   0x080017c0   0x0000036c   Code   RO         1327    i.HAL_RCC_OscConfig  stm32f4xx_hal_rcc.o
    0x08001b2c   0x08001b2c   0x000000bc   Code   RO         2907    i.HAL_SPI_Init      stm32f4xx_hal_spi.o
    0x08001be8   0x08001be8   0x00000068   Code   RO          286    i.HAL_SPI_MspInit   stm32f4xx_hal_msp.o
    0x08001c50   0x08001c50   0x00000028   Code   RO         2069    i.HAL_SYSTICK_Config  stm32f4xx_hal_cortex.o
    0x08001c78   0x08001c78   0x00000002   Code   RO          197    i.HardFault_Handler  stm32f4xx_it.o
    0x08001c7a   0x08001c7a   0x00000002   PAD
    0x08001c7c   0x08001c7c   0x00000038   Code   RO          378    i.IntToUnicode      usbd_desc.o
    0x08001cb4   0x08001cb4   0x000000d8   Code   RO           14    i.MX_GPIO_Init      main.o
    0x08001d8c   0x08001d8c   0x00000040   Code   RO           15    i.MX_SPI1_Init      main.o
    0x08001dcc   0x08001dcc   0x00000054   Code   RO          330    i.MX_USB_DEVICE_Init  usb_device.o
    0x08001e20   0x08001e20   0x00000002   Code   RO          198    i.MemManage_Handler  stm32f4xx_it.o
    0x08001e22   0x08001e22   0x00000002   Code   RO          199    i.NMI_Handler       stm32f4xx_it.o
    0x08001e24   0x08001e24   0x0000000c   Code   RO          200    i.OTG_FS_IRQHandler  stm32f4xx_it.o
    0x08001e30   0x08001e30   0x000000cc   Code   RO          764    i.PCD_EP_OutXfrComplete_int  stm32f4xx_hal_pcd.o
    0x08001efc   0x08001efc   0x000000a2   Code   RO          765    i.PCD_WriteEmptyTxFifo  stm32f4xx_hal_pcd.o
    0x08001f9e   0x08001f9e   0x00000002   Code   RO          201    i.PendSV_Handler    stm32f4xx_it.o
    0x08001fa0   0x08001fa0   0x00000002   Code   RO          202    i.SVC_Handler       stm32f4xx_it.o
    0x08001fa2   0x08001fa2   0x0000000a   Code   RO         3451    i.SWAPBYTE          usbd_ctlreq.o
    0x08001fac   0x08001fac   0x00000004   Code   RO          203    i.SysTick_Handler   stm32f4xx_it.o
    0x08001fb0   0x08001fb0   0x00000098   Code   RO           16    i.SystemClock_Config  main.o
    0x08002048   0x08002048   0x00000010   Code   RO         3255    i.SystemInit        system_stm32f4xx.o
    0x08002058   0x08002058   0x00000076   Code   RO         3584    i.USBD_CDC_DataIn   usbd_cdc.o
    0x080020ce   0x080020ce   0x0000003c   Code   RO         3585    i.USBD_CDC_DataOut  usbd_cdc.o
    0x0800210a   0x0800210a   0x00000002   PAD
    0x0800210c   0x0800210c   0x00000090   Code   RO         3586    i.USBD_CDC_DeInit   usbd_cdc.o
    0x0800219c   0x0800219c   0x00000036   Code   RO         3587    i.USBD_CDC_EP0_RxReady  usbd_cdc.o
    0x080021d2   0x080021d2   0x00000002   PAD
    0x080021d4   0x080021d4   0x0000000c   Code   RO         3588    i.USBD_CDC_GetDeviceQualifierDescriptor  usbd_cdc.o
    0x080021e0   0x080021e0   0x0000003c   Code   RO         3589    i.USBD_CDC_GetFSCfgDesc  usbd_cdc.o
    0x0800221c   0x0800221c   0x00000040   Code   RO         3590    i.USBD_CDC_GetHSCfgDesc  usbd_cdc.o
    0x0800225c   0x0800225c   0x0000003c   Code   RO         3591    i.USBD_CDC_GetOtherSpeedCfgDesc  usbd_cdc.o
    0x08002298   0x08002298   0x00000118   Code   RO         3592    i.USBD_CDC_Init     usbd_cdc.o
    0x080023b0   0x080023b0   0x00000038   Code   RO         3593    i.USBD_CDC_ReceivePacket  usbd_cdc.o
    0x080023e8   0x080023e8   0x00000016   Code   RO         3594    i.USBD_CDC_RegisterInterface  usbd_cdc.o
    0x080023fe   0x080023fe   0x0000001a   Code   RO         3595    i.USBD_CDC_SetRxBuffer  usbd_cdc.o
    0x08002418   0x08002418   0x0000001e   Code   RO         3596    i.USBD_CDC_SetTxBuffer  usbd_cdc.o
    0x08002436   0x08002436   0x000000d4   Code   RO         3597    i.USBD_CDC_Setup    usbd_cdc.o
    0x0800250a   0x0800250a   0x00000002   PAD
    0x0800250c   0x0800250c   0x00000050   Code   RO         3598    i.USBD_CDC_TransmitPacket  usbd_cdc.o
    0x0800255c   0x0800255c   0x00000014   Code   RO         3292    i.USBD_ClrClassConfig  usbd_core.o
    0x08002570   0x08002570   0x00000004   Code   RO         3293    i.USBD_CoreFindEP   usbd_core.o
    0x08002574   0x08002574   0x00000004   Code   RO         3294    i.USBD_CoreFindIF   usbd_core.o
    0x08002578   0x08002578   0x00000010   Code   RO         3524    i.USBD_CtlContinueRx  usbd_ioreq.o
    0x08002588   0x08002588   0x00000010   Code   RO         3525    i.USBD_CtlContinueSendData  usbd_ioreq.o
    0x08002598   0x08002598   0x00000016   Code   RO         3452    i.USBD_CtlError     usbd_ctlreq.o
    0x080025ae   0x080025ae   0x0000001e   Code   RO         3526    i.USBD_CtlPrepareRx  usbd_ioreq.o
    0x080025cc   0x080025cc   0x00000016   Code   RO         3527    i.USBD_CtlReceiveStatus  usbd_ioreq.o
    0x080025e2   0x080025e2   0x0000001a   Code   RO         3528    i.USBD_CtlSendData  usbd_ioreq.o
    0x080025fc   0x080025fc   0x00000016   Code   RO         3529    i.USBD_CtlSendStatus  usbd_ioreq.o
    0x08002612   0x08002612   0x00000002   PAD
    0x08002614   0x08002614   0x00000020   Code   RO          379    i.USBD_FS_ConfigStrDescriptor  usbd_desc.o
    0x08002634   0x08002634   0x0000000c   Code   RO          380    i.USBD_FS_DeviceDescriptor  usbd_desc.o
    0x08002640   0x08002640   0x00000024   Code   RO          381    i.USBD_FS_InterfaceStrDescriptor  usbd_desc.o
    0x08002664   0x08002664   0x0000000c   Code   RO          382    i.USBD_FS_LangIDStrDescriptor  usbd_desc.o
    0x08002670   0x08002670   0x00000028   Code   RO          383    i.USBD_FS_ManufacturerStrDescriptor  usbd_desc.o
    0x08002698   0x08002698   0x0000002c   Code   RO          384    i.USBD_FS_ProductStrDescriptor  usbd_desc.o
    0x080026c4   0x080026c4   0x00000038   Code   RO          385    i.USBD_FS_SerialStrDescriptor  usbd_desc.o
    0x080026fc   0x080026fc   0x000000e6   Code   RO         3453    i.USBD_GetDescriptor  usbd_ctlreq.o
    0x080027e2   0x080027e2   0x0000003a   Code   RO         3296    i.USBD_GetEpDesc    usbd_core.o
    0x0800281c   0x0800281c   0x0000000e   Code   RO         3297    i.USBD_GetNextDesc  usbd_core.o
    0x0800282a   0x0800282a   0x00000048   Code   RO         3454    i.USBD_GetString    usbd_ctlreq.o
    0x08002872   0x08002872   0x00000018   Code   RO          535    i.USBD_Get_USB_Status  usbd_conf.o
    0x0800288a   0x0800288a   0x00000026   Code   RO         3298    i.USBD_Init         usbd_core.o
    0x080028b0   0x080028b0   0x00000012   Code   RO          536    i.USBD_LL_ClearStallEP  usbd_conf.o
    0x080028c2   0x080028c2   0x00000012   Code   RO          537    i.USBD_LL_CloseEP   usbd_conf.o
    0x080028d4   0x080028d4   0x000000b6   Code   RO         3299    i.USBD_LL_DataInStage  usbd_core.o
    0x0800298a   0x0800298a   0x0000008e   Code   RO         3300    i.USBD_LL_DataOutStage  usbd_core.o
    0x08002a18   0x08002a18   0x00000004   Code   RO         3301    i.USBD_LL_DevConnected  usbd_core.o
    0x08002a1c   0x08002a1c   0x0000001e   Code   RO         3302    i.USBD_LL_DevDisconnected  usbd_core.o
    0x08002a3a   0x08002a3a   0x00000008   Code   RO          541    i.USBD_LL_GetRxDataSize  usbd_conf.o
    0x08002a42   0x08002a42   0x00000002   PAD
    0x08002a44   0x08002a44   0x00000060   Code   RO          542    i.USBD_LL_Init      usbd_conf.o
    0x08002aa4   0x08002aa4   0x00000020   Code   RO          543    i.USBD_LL_IsStallEP  usbd_conf.o
    0x08002ac4   0x08002ac4   0x00000028   Code   RO         3303    i.USBD_LL_IsoINIncomplete  usbd_core.o
    0x08002aec   0x08002aec   0x00000028   Code   RO         3304    i.USBD_LL_IsoOUTIncomplete  usbd_core.o
    0x08002b14   0x08002b14   0x00000018   Code   RO          544    i.USBD_LL_OpenEP    usbd_conf.o
    0x08002b2c   0x08002b2c   0x00000012   Code   RO          545    i.USBD_LL_PrepareReceive  usbd_conf.o
    0x08002b3e   0x08002b3e   0x0000005c   Code   RO         3305    i.USBD_LL_Reset     usbd_core.o
    0x08002b9a   0x08002b9a   0x00000014   Code   RO         3306    i.USBD_LL_Resume    usbd_core.o
    0x08002bae   0x08002bae   0x0000001a   Code   RO         3307    i.USBD_LL_SOF       usbd_core.o
    0x08002bc8   0x08002bc8   0x00000006   Code   RO         3308    i.USBD_LL_SetSpeed  usbd_core.o
    0x08002bce   0x08002bce   0x00000012   Code   RO          546    i.USBD_LL_SetUSBAddress  usbd_conf.o
    0x08002be0   0x08002be0   0x00000060   Code   RO         3309    i.USBD_LL_SetupStage  usbd_core.o
    0x08002c40   0x08002c40   0x00000012   Code   RO          547    i.USBD_LL_StallEP   usbd_conf.o
    0x08002c52   0x08002c52   0x00000012   Code   RO          548    i.USBD_LL_Start     usbd_conf.o
    0x08002c64   0x08002c64   0x00000012   Code   RO         3310    i.USBD_LL_Suspend   usbd_core.o
    0x08002c76   0x08002c76   0x00000012   Code   RO          550    i.USBD_LL_Transmit  usbd_conf.o
    0x08002c88   0x08002c88   0x0000002c   Code   RO         3455    i.USBD_ParseSetupRequest  usbd_ctlreq.o
    0x08002cb4   0x08002cb4   0x0000003a   Code   RO         3311    i.USBD_RegisterClass  usbd_core.o
    0x08002cee   0x08002cee   0x00000014   Code   RO         3313    i.USBD_SetClassConfig  usbd_core.o
    0x08002d02   0x08002d02   0x00000002   PAD
    0x08002d04   0x08002d04   0x000000b8   Code   RO         3456    i.USBD_SetConfig    usbd_ctlreq.o
    0x08002dbc   0x08002dbc   0x00000004   Code   RO         3314    i.USBD_Start        usbd_core.o
    0x08002dc0   0x08002dc0   0x0000012c   Code   RO         3457    i.USBD_StdDevReq    usbd_ctlreq.o
    0x08002eec   0x08002eec   0x00000160   Code   RO         3458    i.USBD_StdEPReq     usbd_ctlreq.o
    0x0800304c   0x0800304c   0x00000072   Code   RO         3459    i.USBD_StdItfReq    usbd_ctlreq.o
    0x080030be   0x080030be   0x00000002   Code   RO          551    i.USBD_static_free  usbd_conf.o
    0x080030c0   0x080030c0   0x00000008   Code   RO          552    i.USBD_static_malloc  usbd_conf.o
    0x080030c8   0x080030c8   0x00000010   Code   RO           17    i.USBRxHandler      main.o
    0x080030d8   0x080030d8   0x00000080   Code   RO         1010    i.USB_ActivateEndpoint  stm32f4xx_ll_usb.o
    0x08003158   0x08003158   0x0000001c   Code   RO         1012    i.USB_ActivateSetup  stm32f4xx_ll_usb.o
    0x08003174   0x08003174   0x00000074   Code   RO         1014    i.USB_CoreInit      stm32f4xx_ll_usb.o
    0x080031e8   0x080031e8   0x00000040   Code   RO         1015    i.USB_CoreReset     stm32f4xx_ll_usb.o
    0x08003228   0x08003228   0x000000cc   Code   RO         1018    i.USB_DeactivateEndpoint  stm32f4xx_ll_usb.o
    0x080032f4   0x080032f4   0x0000001c   Code   RO         1019    i.USB_DevConnect    stm32f4xx_ll_usb.o
    0x08003310   0x08003310   0x0000001c   Code   RO         1020    i.USB_DevDisconnect  stm32f4xx_ll_usb.o
    0x0800332c   0x0800332c   0x00000174   Code   RO         1021    i.USB_DevInit       stm32f4xx_ll_usb.o
    0x080034a0   0x080034a0   0x0000000c   Code   RO         1022    i.USB_DisableGlobalInt  stm32f4xx_ll_usb.o
    0x080034ac   0x080034ac   0x0000011c   Code   RO         1025    i.USB_EP0StartXfer  stm32f4xx_ll_usb.o
    0x080035c8   0x080035c8   0x00000058   Code   RO         1026    i.USB_EP0_OutStart  stm32f4xx_ll_usb.o
    0x08003620   0x08003620   0x00000058   Code   RO         1027    i.USB_EPClearStall  stm32f4xx_ll_usb.o
    0x08003678   0x08003678   0x00000058   Code   RO         1028    i.USB_EPSetStall    stm32f4xx_ll_usb.o
    0x080036d0   0x080036d0   0x000001e4   Code   RO         1029    i.USB_EPStartXfer   stm32f4xx_ll_usb.o
    0x080038b4   0x080038b4   0x0000009e   Code   RO         1030    i.USB_EPStopXfer    stm32f4xx_ll_usb.o
    0x08003952   0x08003952   0x0000000c   Code   RO         1031    i.USB_EnableGlobalInt  stm32f4xx_ll_usb.o
    0x0800395e   0x0800395e   0x00000002   PAD
    0x08003960   0x08003960   0x0000003c   Code   RO         1032    i.USB_FlushRxFifo   stm32f4xx_ll_usb.o
    0x0800399c   0x0800399c   0x00000040   Code   RO         1033    i.USB_FlushTxFifo   stm32f4xx_ll_usb.o
    0x080039dc   0x080039dc   0x0000001a   Code   RO         1035    i.USB_GetDevSpeed   stm32f4xx_ll_usb.o
    0x080039f6   0x080039f6   0x00000008   Code   RO         1037    i.USB_GetMode       stm32f4xx_ll_usb.o
    0x080039fe   0x080039fe   0x0000000e   Code   RO         1044    i.USB_ReadDevAllInEpInterrupt  stm32f4xx_ll_usb.o
    0x08003a0c   0x08003a0c   0x0000000e   Code   RO         1045    i.USB_ReadDevAllOutEpInterrupt  stm32f4xx_ll_usb.o
    0x08003a1a   0x08003a1a   0x00000024   Code   RO         1046    i.USB_ReadDevInEPInterrupt  stm32f4xx_ll_usb.o
    0x08003a3e   0x08003a3e   0x00000010   Code   RO         1047    i.USB_ReadDevOutEPInterrupt  stm32f4xx_ll_usb.o
    0x08003a4e   0x08003a4e   0x00000008   Code   RO         1048    i.USB_ReadInterrupts  stm32f4xx_ll_usb.o
    0x08003a56   0x08003a56   0x0000003e   Code   RO         1049    i.USB_ReadPacket    stm32f4xx_ll_usb.o
    0x08003a94   0x08003a94   0x0000005c   Code   RO         1051    i.USB_SetCurrentMode  stm32f4xx_ll_usb.o
    0x08003af0   0x08003af0   0x00000022   Code   RO         1052    i.USB_SetDevAddress  stm32f4xx_ll_usb.o
    0x08003b12   0x08003b12   0x00000002   PAD
    0x08003b14   0x08003b14   0x000000e8   Code   RO         1054    i.USB_SetTurnaroundTime  stm32f4xx_ll_usb.o
    0x08003bfc   0x08003bfc   0x00000028   Code   RO         1057    i.USB_WritePacket   stm32f4xx_ll_usb.o
    0x08003c24   0x08003c24   0x00000002   Code   RO          204    i.UsageFault_Handler  stm32f4xx_it.o
    0x08003c26   0x08003c26   0x00000020   Code   RO         2071    i.__NVIC_SetPriority  stm32f4xx_hal_cortex.o
    0x08003c46   0x08003c46   0x00000002   PAD
    0x08003c48   0x08003c48   0x00000098   Code   RO           18    i.main              main.o
    0x08003ce0   0x08003ce0   0x0000000a   Code   RO         3808    x$fpl$fpinit        fz_wm.l(fpinit.o)
    0x08003cea   0x08003cea   0x00000010   Data   RO         3256    .constdata          system_stm32f4xx.o
    0x08003cfa   0x08003cfa   0x00000008   Data   RO         3257    .constdata          system_stm32f4xx.o
    0x08003d02   0x08003d02   0x00000002   PAD
    0x08003d04   0x08003d04   0x00000020   Data   RO         3866    Region$$Table       anon$$obj.o


    Execution Region RW_IRAM1 (Exec base: 0x20000000, Load base: 0x08003d24, Size: 0x00002428, Max: 0x0001c000, ABSOLUTE)

    Exec Addr    Load Addr    Size         Type   Attr      Idx    E Section Name        Object

    0x20000000   0x08003d24   0x00000008   Data   RW           20    .data               main.o
    0x20000008   0x08003d2c   0x0000001c   Data   RW          387    .data               usbd_desc.o
    0x20000024   0x08003d48   0x00000032   Data   RW          388    .data               usbd_desc.o
    0x20000056   0x08003d7a   0x00000002   PAD
    0x20000058   0x08003d7c   0x00000014   Data   RW          471    .data               usbd_cdc_if.o
    0x2000006c   0x08003d90   0x00000007   Data   RW          472    .data               usbd_cdc_if.o
    0x20000073   0x08003d97   0x00000001   PAD
    0x20000074   0x08003d98   0x0000000c   Data   RW         2215    .data               stm32f4xx_hal.o
    0x20000080   0x08003da4   0x00000004   Data   RW         3258    .data               system_stm32f4xx.o
    0x20000084   0x08003da8   0x00000001   Data   RW         3460    .data               usbd_ctlreq.o
    0x20000085   0x08003da9   0x00000003   PAD
    0x20000088   0x08003dac   0x00000053   Data   RW         3599    .data               usbd_cdc.o
    0x200000db   0x08003dff   0x00000001   PAD
    0x200000dc   0x08003e00   0x00000038   Data   RW         3600    .data               usbd_cdc.o
    0x20000114        -       0x000000ac   Zero   RW           19    .bss                main.o
    0x200001c0        -       0x000002dc   Zero   RW          331    .bss                usb_device.o
    0x2000049c        -       0x00000200   Zero   RW          386    .bss                usbd_desc.o
    0x2000069c        -       0x00001000   Zero   RW          470    .bss                usbd_cdc_if.o
    0x2000169c        -       0x0000072c   Zero   RW          553    .bss                usbd_conf.o
    0x20001dc8        -       0x00000060   Zero   RW         3738    .bss                c_w.l(libspace.o)
    0x20001e28        -       0x00000200   Zero   RW            2    HEAP                startup_stm32f407xx.o
    0x20002028        -       0x00000400   Zero   RW            1    STACK               startup_stm32f407xx.o


    Execution Region RW_IRAM2 (Exec base: 0x2001c000, Load base: 0x08003e38, Size: 0x00000000, Max: 0x00004000, ABSOLUTE)

    **** No section assigned to this execution region ****


==============================================================================

Image component sizes


      Code (inc. data)   RO Data    RW Data    ZI Data      Debug   Object Name

       604         70          0          8        172     681860   main.o
        64         26        392          0       1536        884   startup_stm32f407xx.o
       180         28          0         12          0       9729   stm32f4xx_hal.o
       198         14          0          0          0      34187   stm32f4xx_hal_cortex.o
       548         52          0          0          0       4253   stm32f4xx_hal_gpio.o
       392         16          0          0          0       3199   stm32f4xx_hal_i2c.o
       260         28          0          0          0       2474   stm32f4xx_hal_msp.o
      2638         12          0          0          0      14296   stm32f4xx_hal_pcd.o
        78          0          0          0          0       2561   stm32f4xx_hal_pcd_ex.o
      1324         66          0          0          0       5365   stm32f4xx_hal_rcc.o
       188          0          0          0          0       1275   stm32f4xx_hal_spi.o
        38          6          0          0          0       5541   stm32f4xx_it.o
      2888        134          0          0          0      25235   stm32f4xx_ll_usb.o
        16          4         24          4          0       1247   system_stm32f4xx.o
        84         18          0          0        732       2743   usb_device.o
      1278         36          0        139          0      15121   usbd_cdc.o
       212         32          0         27       4096       4457   usbd_cdc_if.o
       664         22          0          0       1836      17956   usbd_conf.o
       916          0          0          0          0      16335   usbd_core.o
      1328         28          0          1          0      15328   usbd_ctlreq.o
       288        104          0         78        512       6585   usbd_desc.o
       132          0          0          0          0       4808   usbd_ioreq.o

    ----------------------------------------------------------------------
     14346        696        450        276       8884     875439   Object Totals
         0          0         32          0          0          0   (incl. Generated)
        28          0          2          7          0          0   (incl. Padding)

    ----------------------------------------------------------------------

      Code (inc. data)   RO Data    RW Data    ZI Data      Debug   Library Member Name

         8          0          0          0          0         68   __main.o
         0          0          0          0          0          0   __rtentry.o
        12          0          0          0          0          0   __rtentry2.o
         6          0          0          0          0          0   __rtentry4.o
        52          8          0          0          0          0   __scatter.o
        26          0          0          0          0          0   __scatter_copy.o
        28          0          0          0          0          0   __scatter_zi.o
        18          0          0          0          0         80   exit.o
         6          0          0          0          0        152   heapauxi.o
         0          0          0          0          0          0   indicate_semi.o
         2          0          0          0          0          0   libinit.o
         6          0          0          0          0          0   libinit2.o
         2          0          0          0          0          0   libshutdown.o
         2          0          0          0          0          0   libshutdown2.o
         8          4          0          0         96         68   libspace.o
       238          0          0          0          0        100   lludivv7m.o
        78          0          0          0          0         80   rt_memclr_w.o
       100          0          0          0          0         80   rt_memcpy_w.o
         2          0          0          0          0          0   rtexit.o
        10          0          0          0          0          0   rtexit2.o
       150          0          0          0          0         80   strncmp.o
        12          4          0          0          0         68   sys_exit.o
        74          0          0          0          0         80   sys_stackheap_outer.o
         2          0          0          0          0         68   use_no_semi.o
        10          0          0          0          0        116   fpinit.o

    ----------------------------------------------------------------------
       856         16          0          0         96       1040   Library Totals
         4          0          0          0          0          0   (incl. Padding)

    ----------------------------------------------------------------------

      Code (inc. data)   RO Data    RW Data    ZI Data      Debug   Library Name

       842         16          0          0         96        924   c_w.l
        10          0          0          0          0        116   fz_wm.l

    ----------------------------------------------------------------------
       856         16          0          0         96       1040   Library Totals

    ----------------------------------------------------------------------

==============================================================================


      Code (inc. data)   RO Data    RW Data    ZI Data      Debug   

     15202        712        450        276       8980     858615   Grand Totals
     15202        712        450        276       8980     858615   ELF Image Totals
     15202        712        450        276          0          0   ROM Totals

==============================================================================

    Total RO  Size (Code + RO Data)                15652 (  15.29kB)
    Total RW  Size (RW Data + ZI Data)              9256 (   9.04kB)
    Total ROM Size (Code + RO Data + RW Data)      15928 (  15.55kB)

==============================================================================

